2026-10-10 08:45:37.948 [INFO] [START] Args=
2026-10-10 08:45:37.955 [INFO] [START] Console=False
2026-10-10 08:45:38.135 [INFO] [MODULE LOADED] Key=AOI, Name=AOI 自动光学检测
2026-10-10 08:45:38.135 [INFO] [MODULE LOADED] Key=GEDTA, Name=GEDTA 制造执行系统
2026-10-10 08:45:38.136 [INFO] [MODULE LOADED] Key=SAJET, Name=SAJET 制造执行系统
2026-10-10 08:45:38.136 [INFO] [MODULE] Loaded: AOI - AOI 自动光学检测
2026-10-10 08:45:38.136 [INFO] [MODULE] Loaded: GEDTA - GEDTA 制造执行系统
2026-10-10 08:45:38.136 [INFO] [MODULE] Loaded: SAJET - SAJET 制造执行系统
2026-10-10 08:45:38.469 [INFO] [CONFIG] Loaded: login.json
2026-10-10 08:46:35.051 [INFO] [START] Args=
2026-10-10 08:46:35.053 [INFO] [START] Console=False
2026-10-10 08:46:35.099 [INFO] [MODULE LOADED] Key=AOI, Name=AOI 自动光学检测
2026-10-10 08:46:35.099 [INFO] [MODULE LOADED] Key=GEDTA, Name=GEDTA 制造执行系统
2026-10-10 08:46:35.099 [INFO] [MODULE LOADED] Key=SAJET, Name=SAJET 制造执行系统
2026-10-10 08:46:35.099 [INFO] [MODULE] Loaded: AOI - AOI 自动光学检测
2026-10-10 08:46:35.099 [INFO] [MODULE] Loaded: GEDTA - GEDTA 制造执行系统
2026-10-10 08:46:35.099 [INFO] [MODULE] Loaded: SAJET - SAJET 制造执行系统
2026-10-10 08:46:35.203 [INFO] [CONFIG] Loaded: login.json
2026-10-10 08:47:04.587 [INFO] [START] Args=
2026-10-10 08:47:04.588 [INFO] [START] Console=False
2026-10-10 08:47:04.637 [INFO] [MODULE LOADED] Key=AOI, Name=AOI 自动光学检测
2026-10-10 08:47:04.637 [INFO] [MODULE LOADED] Key=GEDTA, Name=GEDTA 制造执行系统
2026-10-10 08:47:04.637 [INFO] [MODULE LOADED] Key=SAJET, Name=SAJET 制造执行系统
2026-10-10 08:47:04.637 [INFO] [MODULE] Loaded: AOI - AOI 自动光学检测
2026-10-10 08:47:04.637 [INFO] [MODULE] Loaded: GEDTA - GEDTA 制造执行系统
2026-10-10 08:47:04.637 [INFO] [MODULE] Loaded: SAJET - SAJET 制造执行系统
2026-10-10 08:47:04.742 [INFO] [CONFIG] Loaded: login.json
2026-10-10 08:48:19.960 [INFO] [START] Args=
2026-10-10 08:48:19.980 [INFO] [START] Console=False
2026-10-10 08:48:20.028 [INFO] [MODULE LOADED] Key=AOI, Name=AOI 自动光学检测
2026-10-10 08:48:20.029 [INFO] [MODULE LOADED] Key=GEDTA, Name=GEDTA 制造执行系统
2026-10-10 08:48:20.029 [INFO] [MODULE LOADED] Key=SAJET, Name=SAJET 制造执行系统
2026-10-10 08:48:20.029 [INFO] [MODULE] Loaded: AOI - AOI 自动光学检测
2026-10-10 08:48:20.030 [INFO] [MODULE] Loaded: GEDTA - GEDTA 制造执行系统
2026-10-10 08:48:20.030 [INFO] [MODULE] Loaded: SAJET - SAJET 制造执行系统
2026-10-10 08:48:20.130 [INFO] [CONFIG] Loaded: login.json
2026-10-10 08:48:32.565 [INFO] [CONFIG] Saved: login.json
2026-10-10 08:48:32.691 [INFO] [LOGIN OK] Module=SAJET, UserNo=D360749
2026-10-10 08:48:32.708 [INFO] [CONFIG] File not found, use default: favorites.json
2026-10-10 08:48:41.984 [INFO] [EXIT] Program exit.
2026-10-10 08:48:42.023 [INFO] [EXIT] Application exiting.
2026-10-10 08:48:45.347 [INFO] [START] Args=
2026-10-10 08:48:45.348 [INFO] [START] Console=False
2026-10-10 08:48:45.398 [INFO] [MODULE LOADED] Key=AOI, Name=AOI 自动光学检测
2026-10-10 08:48:45.399 [INFO] [MODULE LOADED] Key=GEDTA, Name=GEDTA 制造执行系统
2026-10-10 08:48:45.399 [INFO] [MODULE LOADED] Key=SAJET, Name=SAJET 制造执行系统
2026-10-10 08:48:45.399 [INFO] [MODULE] Loaded: AOI - AOI 自动光学检测
2026-10-10 08:48:45.399 [INFO] [MODULE] Loaded: GEDTA - GEDTA 制造执行系统
2026-10-10 08:48:45.399 [INFO] [MODULE] Loaded: SAJET - SAJET 制造执行系统
2026-10-10 08:48:45.513 [INFO] [CONFIG] Loaded: login.json
2026-10-10 08:49:01.032 [INFO] [CONFIG] Saved: login.json
2026-10-10 08:49:01.110 [INFO] [LOGIN OK] Module=SAJET, UserNo=D360749
2026-10-10 08:49:01.120 [INFO] [CONFIG] File not found, use default: favorites.json
2026-10-10 08:49:10.253 [INFO] [EXIT] Program exit.
2026-10-10 08:49:10.261 [INFO] [EXIT] Application exiting.
2026-10-10 08:51:05.687 [INFO] [START] Args=
2026-10-10 08:51:05.688 [INFO] [START] Console=False
2026-10-10 08:51:05.741 [INFO] [MODULE LOADED] Key=AOI, Name=AOI 自动光学检测
2026-10-10 08:51:05.741 [INFO] [MODULE LOADED] Key=GEDTA, Name=GEDTA 制造执行系统
2026-10-10 08:51:05.741 [INFO] [MODULE LOADED] Key=SAJET, Name=SAJET 制造执行系统
2026-10-10 08:51:05.741 [INFO] [MODULE] Loaded: AOI - AOI 自动光学检测
2026-10-10 08:51:05.741 [INFO] [MODULE] Loaded: GEDTA - GEDTA 制造执行系统
2026-10-10 08:51:05.741 [INFO] [MODULE] Loaded: SAJET - SAJET 制造执行系统
2026-10-10 08:51:05.867 [INFO] [CONFIG] Loaded: login.json
2026-10-10 08:51:29.631 [INFO] [START] Args=
2026-10-10 08:51:29.632 [INFO] [START] Console=False
2026-10-10 08:51:29.679 [INFO] [MODULE LOADED] Key=AOI, Name=AOI 自动光学检测
2026-10-10 08:51:29.679 [INFO] [MODULE LOADED] Key=GEDTA, Name=GEDTA 制造执行系统
2026-10-10 08:51:29.679 [INFO] [MODULE LOADED] Key=SAJET, Name=SAJET 制造执行系统
2026-10-10 08:51:29.679 [INFO] [MODULE] Loaded: AOI - AOI 自动光学检测
2026-10-10 08:51:29.679 [INFO] [MODULE] Loaded: GEDTA - GEDTA 制造执行系统
2026-10-10 08:51:29.679 [INFO] [MODULE] Loaded: SAJET - SAJET 制造执行系统
2026-10-10 08:51:29.791 [INFO] [CONFIG] Loaded: login.json
2026-10-10 08:51:42.085 [INFO] [START] Args=
2026-10-10 08:51:42.085 [INFO] [START] Console=False
2026-10-10 08:51:42.132 [INFO] [MODULE LOADED] Key=AOI, Name=AOI 自动光学检测
2026-10-10 08:51:42.132 [INFO] [MODULE LOADED] Key=GEDTA, Name=GEDTA 制造执行系统
2026-10-10 08:51:42.132 [INFO] [MODULE LOADED] Key=SAJET, Name=SAJET 制造执行系统
2026-10-10 08:51:42.132 [INFO] [MODULE] Loaded: AOI - AOI 自动光学检测
2026-10-10 08:51:42.132 [INFO] [MODULE] Loaded: GEDTA - GEDTA 制造执行系统
2026-10-10 08:51:42.132 [INFO] [MODULE] Loaded: SAJET - SAJET 制造执行系统
2026-10-10 08:51:42.236 [INFO] [CONFIG] Loaded: login.json
2026-10-10 08:52:32.927 [INFO] [START] Args=
2026-10-10 08:52:32.928 [INFO] [START] Console=False
2026-10-10 08:52:32.974 [INFO] [MODULE LOADED] Key=AOI, Name=AOI 自动光学检测
2026-10-10 08:52:32.974 [INFO] [MODULE LOADED] Key=GEDTA, Name=GEDTA 制造执行系统
2026-10-10 08:52:32.975 [INFO] [MODULE LOADED] Key=SAJET, Name=SAJET 制造执行系统
2026-10-10 08:52:32.975 [INFO] [MODULE] Loaded: AOI - AOI 自动光学检测
2026-10-10 08:52:32.975 [INFO] [MODULE] Loaded: GEDTA - GEDTA 制造执行系统
2026-10-10 08:52:32.975 [INFO] [MODULE] Loaded: SAJET - SAJET 制造执行系统
2026-10-10 08:52:33.077 [INFO] [CONFIG] Loaded: login.json
2026-10-10 08:54:06.116 [INFO] [START] Args=
2026-10-10 08:54:06.118 [INFO] [START] Console=False
2026-10-10 08:54:06.163 [INFO] [MODULE LOADED] Key=AOI, Name=AOI 自动光学检测
2026-10-10 08:54:06.164 [INFO] [MODULE LOADED] Key=GEDTA, Name=GEDTA 制造执行系统
2026-10-10 08:54:06.164 [INFO] [MODULE LOADED] Key=SAJET, Name=SAJET 制造执行系统
2026-10-10 08:54:06.164 [INFO] [MODULE] Loaded: AOI - AOI 自动光学检测
2026-10-10 08:54:06.164 [INFO] [MODULE] Loaded: GEDTA - GEDTA 制造执行系统
2026-10-10 08:54:06.164 [INFO] [MODULE] Loaded: SAJET - SAJET 制造执行系统
2026-10-10 08:54:06.273 [INFO] [CONFIG] Loaded: login.json
2026-10-10 08:54:22.029 [INFO] [START] Args=
2026-10-10 08:54:22.029 [INFO] [START] Console=False
2026-10-10 08:54:22.077 [INFO] [MODULE LOADED] Key=AOI, Name=AOI 自动光学检测
2026-10-10 08:54:22.077 [INFO] [MODULE LOADED] Key=GEDTA, Name=GEDTA 制造执行系统
2026-10-10 08:54:22.077 [INFO] [MODULE LOADED] Key=SAJET, Name=SAJET 制造执行系统
2026-10-10 08:54:22.077 [INFO] [MODULE] Loaded: AOI - AOI 自动光学检测
2026-10-10 08:54:22.077 [INFO] [MODULE] Loaded: GEDTA - GEDTA 制造执行系统
2026-10-10 08:54:22.077 [INFO] [MODULE] Loaded: SAJET - SAJET 制造执行系统
2026-10-10 08:54:22.184 [INFO] [CONFIG] Loaded: login.json
2026-10-10 08:54:55.114 [INFO] [START] Args=
2026-10-10 08:54:55.116 [INFO] [START] Console=False
2026-10-10 08:54:55.161 [INFO] [MODULE LOADED] Key=AOI, Name=AOI 自动光学检测
2026-10-10 08:54:55.161 [INFO] [MODULE LOADED] Key=GEDTA, Name=GEDTA 制造执行系统
2026-10-10 08:54:55.162 [INFO] [MODULE LOADED] Key=SAJET, Name=SAJET 制造执行系统
2026-10-10 08:54:55.162 [INFO] [MODULE] Loaded: AOI - AOI 自动光学检测
2026-10-10 08:54:55.162 [INFO] [MODULE] Loaded: GEDTA - GEDTA 制造执行系统
2026-10-10 08:54:55.162 [INFO] [MODULE] Loaded: SAJET - SAJET 制造执行系统
2026-10-10 08:54:55.269 [INFO] [CONFIG] Loaded: login.json
2026-10-10 08:54:59.531 [INFO] [LOGIN] Cancelled, exiting.
2026-10-10 08:54:59.580 [INFO] [EXIT] Application exiting.
2026-10-10 08:55:41.001 [INFO] [START] Args=
2026-10-10 08:55:41.002 [INFO] [START] Console=False
2026-10-10 08:55:41.052 [INFO] [MODULE LOADED] Key=AOI, Name=AOI 自动光学检测
2026-10-10 08:55:41.053 [INFO] [MODULE LOADED] Key=GEDTA, Name=GEDTA 制造执行系统
2026-10-10 08:55:41.053 [INFO] [MODULE LOADED] Key=SAJET, Name=SAJET 制造执行系统
2026-10-10 08:55:41.053 [INFO] [MODULE] Loaded: AOI - AOI 自动光学检测
2026-10-10 08:55:41.053 [INFO] [MODULE] Loaded: GEDTA - GEDTA 制造执行系统
2026-10-10 08:55:41.053 [INFO] [MODULE] Loaded: SAJET - SAJET 制造执行系统
2026-10-10 08:55:41.167 [INFO] [CONFIG] Loaded: login.json
2026-10-10 09:01:15.043 [INFO] [START] Args=
2026-10-10 09:01:15.044 [INFO] [START] Console=False
2026-10-10 09:01:15.099 [INFO] [MODULE LOADED] Key=AOI, Name=AOI 自动光学检测
2026-10-10 09:01:15.100 [INFO] [MODULE LOADED] Key=GEDTA, Name=GEDTA 制造执行系统
2026-10-10 09:01:15.100 [INFO] [MODULE LOADED] Key=SAJET, Name=SAJET 制造执行系统
2026-10-10 09:01:15.100 [INFO] [MODULE] Loaded: AOI - AOI 自动光学检测
2026-10-10 09:01:15.100 [INFO] [MODULE] Loaded: GEDTA - GEDTA 制造执行系统
2026-10-10 09:01:15.100 [INFO] [MODULE] Loaded: SAJET - SAJET 制造执行系统
2026-10-10 09:01:15.229 [INFO] [CONFIG] Loaded: login.json
2026-10-10 09:01:34.710 [INFO] [LOGIN] Cancelled, exiting.
2026-10-10 09:01:34.732 [INFO] [EXIT] Application exiting.
2026-10-10 09:05:43.887 [INFO] [START] Args=
2026-10-10 09:05:43.888 [INFO] [START] Console=False
2026-10-10 09:05:43.935 [INFO] [MODULE LOADED] Key=AOI, Name=AOI 自动光学检测
2026-10-10 09:05:43.935 [INFO] [MODULE LOADED] Key=GEDTA, Name=GEDTA 制造执行系统
2026-10-10 09:05:43.935 [INFO] [MODULE LOADED] Key=SAJET, Name=SAJET 制造执行系统
2026-10-10 09:05:43.935 [INFO] [MODULE] Loaded: AOI - AOI 自动光学检测
2026-10-10 09:05:43.935 [INFO] [MODULE] Loaded: GEDTA - GEDTA 制造执行系统
2026-10-10 09:05:43.935 [INFO] [MODULE] Loaded: SAJET - SAJET 制造执行系统
2026-10-10 09:05:44.037 [INFO] [CONFIG] Loaded: login.json
2026-10-10 09:06:14.023 [INFO] [START] Args=
2026-10-10 09:06:14.024 [INFO] [START] Console=False
2026-10-10 09:06:14.070 [INFO] [MODULE LOADED] Key=AOI, Name=AOI 自动光学检测
2026-10-10 09:06:14.071 [INFO] [MODULE LOADED] Key=GEDTA, Name=GEDTA 制造执行系统
2026-10-10 09:06:14.071 [INFO] [MODULE LOADED] Key=SAJET, Name=SAJET 制造执行系统
2026-10-10 09:06:14.071 [INFO] [MODULE] Loaded: AOI - AOI 自动光学检测
2026-10-10 09:06:14.071 [INFO] [MODULE] Loaded: GEDTA - GEDTA 制造执行系统
2026-10-10 09:06:14.071 [INFO] [MODULE] Loaded: SAJET - SAJET 制造执行系统
2026-10-10 09:06:14.177 [INFO] [CONFIG] Loaded: login.json
2026-10-10 09:09:54.559 [INFO] [CONFIG] Saved: login.json
2026-10-10 09:09:54.673 [INFO] [LOGIN OK] Module=AOI, UserNo=D360749
2026-10-10 09:09:54.674 [INFO] [OPEN] Standalone window for AoiModule
2026-10-10 09:09:54.948 [INFO] [CONFIG] File not found, use default: aoi.json
2026-10-10 09:09:58.155 [INFO] [EXIT] Standalone window closed.
2026-10-10 09:09:58.155 [INFO] [EXIT] Program exit.
2026-10-10 09:09:58.158 [INFO] [EXIT] Application exiting.
2026-10-10 09:13:53.031 [INFO] [START] Args=
2026-10-10 09:13:53.032 [INFO] [START] Console=False
2026-10-10 09:13:53.355 [INFO] [MODULE LOADED] Key=AOI, Name=AOI 自动光学检测
2026-10-10 09:13:53.355 [INFO] [MODULE LOADED] Key=GEDTA, Name=GEDTA 制造执行系统
2026-10-10 09:13:53.355 [INFO] [MODULE LOADED] Key=SAJET, Name=SAJET 制造执行系统
2026-10-10 09:13:53.355 [INFO] [MODULE] Loaded: AOI - AOI 自动光学检测
2026-10-10 09:13:53.355 [INFO] [MODULE] Loaded: GEDTA - GEDTA 制造执行系统
2026-10-10 09:13:53.355 [INFO] [MODULE] Loaded: SAJET - SAJET 制造执行系统
2026-10-10 09:13:53.662 [INFO] [CONFIG] Loaded: login.json
2026-10-10 09:14:07.582 [INFO] [LOGIN] Cancelled, exiting.
2026-10-10 09:14:07.673 [INFO] [EXIT] Application exiting.
2026-10-10 09:18:49.132 [INFO] [START] Args=
2026-10-10 09:18:49.133 [INFO] [START] Console=False
2026-10-10 09:18:49.183 [INFO] [MODULE LOADED] Key=AOI, Name=AOI 自动光学检测
2026-10-10 09:18:49.183 [INFO] [MODULE LOADED] Key=GEDTA, Name=GEDTA 制造执行系统
2026-10-10 09:18:49.183 [INFO] [MODULE LOADED] Key=SAJET, Name=SAJET 制造执行系统
2026-10-10 09:18:49.183 [INFO] [MODULE] Loaded: AOI - AOI 自动光学检测
2026-10-10 09:18:49.183 [INFO] [MODULE] Loaded: GEDTA - GEDTA 制造执行系统
2026-10-10 09:18:49.183 [INFO] [MODULE] Loaded: SAJET - SAJET 制造执行系统
2026-10-10 09:18:49.287 [INFO] [CONFIG] Loaded: login.json
2026-10-10 09:18:57.708 [INFO] [CONFIG] Saved: login.json
2026-10-10 09:18:57.847 [INFO] [LOGIN OK] Module=AOI, UserNo=D360749
2026-10-10 09:18:57.847 [INFO] [OPEN] Standalone window for AoiModule
2026-10-10 09:18:57.989 [INFO] [CONFIG] File not found, use default: aoi.json
2026-10-10 09:19:01.428 [INFO] [EXIT] Standalone window closed.
2026-10-10 09:19:01.428 [INFO] [EXIT] Program exit.
2026-10-10 09:19:01.432 [INFO] [EXIT] Application exiting.
2026-10-10 09:19:05.606 [INFO] [START] Args=
2026-10-10 09:19:05.607 [INFO] [START] Console=False
2026-10-10 09:19:05.652 [INFO] [MODULE LOADED] Key=AOI, Name=AOI 自动光学检测
2026-10-10 09:19:05.652 [INFO] [MODULE LOADED] Key=GEDTA, Name=GEDTA 制造执行系统
2026-10-10 09:19:05.652 [INFO] [MODULE LOADED] Key=SAJET, Name=SAJET 制造执行系统
2026-10-10 09:19:05.652 [INFO] [MODULE] Loaded: AOI - AOI 自动光学检测
2026-10-10 09:19:05.652 [INFO] [MODULE] Loaded: GEDTA - GEDTA 制造执行系统
2026-10-10 09:19:05.652 [INFO] [MODULE] Loaded: SAJET - SAJET 制造执行系统
2026-10-10 09:19:05.765 [INFO] [CONFIG] Loaded: login.json
2026-10-10 09:19:14.571 [INFO] [CONFIG] Saved: login.json
2026-10-10 09:19:14.657 [INFO] [LOGIN OK] Module=SAJET, UserNo=D360749
2026-10-10 09:19:14.678 [INFO] [CONFIG] File not found, use default: favorites.json
2026-10-10 09:19:27.705 [INFO] [EXIT] Program exit.
2026-10-10 09:19:27.752 [INFO] [EXIT] Application exiting.
2026-10-10 10:02:53.159 [INFO] [START] Args=
2026-10-10 10:02:53.170 [INFO] [START] Console=False
2026-10-10 10:02:53.214 [INFO] [MODULE LOADED] Key=AOI, Name=AOI 自动光学检测
2026-10-10 10:02:53.214 [INFO] [MODULE LOADED] Key=GEDTA, Name=GEDTA 制造执行系统
2026-10-10 10:02:53.214 [INFO] [MODULE LOADED] Key=SAJET, Name=SAJET 制造执行系统
2026-10-10 10:02:53.214 [INFO] [MODULE] Loaded: AOI - AOI 自动光学检测
2026-10-10 10:02:53.214 [INFO] [MODULE] Loaded: GEDTA - GEDTA 制造执行系统
2026-10-10 10:02:53.214 [INFO] [MODULE] Loaded: SAJET - SAJET 制造执行系统
2026-10-10 10:02:53.312 [INFO] [CONFIG] Loaded: login.json
2026-10-10 10:03:01.803 [INFO] [CONFIG] Saved: login.json
2026-10-10 10:03:01.957 [INFO] [LOGIN OK] Module=SAJET, UserNo=D360749
2026-10-10 10:03:01.963 [INFO] [CONFIG] File not found, use default: favorites.json
2026-10-10 10:03:20.425 [INFO] [STATUS] Match: 88AEDDCE8EB4 -> 88AEDDCE8EB4
2026-10-10 10:04:12.583 [INFO] [STATUS] Match: 260981097821167 -> 260981097821167
2026-10-10 10:05:09.239 [INFO] [EXIT] Program exit.
2026-10-10 10:05:09.242 [INFO] [EXIT] Application exiting.
2026-10-10 10:08:29.444 [INFO] [START] Args=
2026-10-10 10:08:29.445 [INFO] [START] Console=False
2026-10-10 10:08:29.490 [INFO] [MODULE LOADED] Key=AOI, Name=AOI 自动光学检测
2026-10-10 10:08:29.490 [INFO] [MODULE LOADED] Key=GEDTA, Name=GEDTA 制造执行系统
2026-10-10 10:08:29.490 [INFO] [MODULE LOADED] Key=SAJET, Name=SAJET 制造执行系统
2026-10-10 10:08:29.491 [INFO] [MODULE] Loaded: AOI - AOI 自动光学检测
2026-10-10 10:08:29.491 [INFO] [MODULE] Loaded: GEDTA - GEDTA 制造执行系统
2026-10-10 10:08:29.491 [INFO] [MODULE] Loaded: SAJET - SAJET 制造执行系统
2026-10-10 10:08:29.592 [INFO] [CONFIG] Loaded: login.json
2026-10-10 10:08:37.037 [INFO] [CONFIG] Saved: login.json
2026-10-10 10:08:37.135 [INFO] [LOGIN OK] Module=SAJET, UserNo=D360749
2026-10-10 10:08:37.211 [INFO] [CONFIG] File not found, use default: favorites.json
2026-10-10 10:09:01.917 [INFO] [STATUS] Match: 260981097821167 -> 260981097821167
2026-10-10 10:10:51.983 [INFO] [EXIT] Program exit.
2026-10-10 10:10:52.052 [INFO] [EXIT] Application exiting.
2026-10-10 10:10:55.917 [INFO] [START] Args=
2026-10-10 10:10:55.918 [INFO] [START] Console=False
2026-10-10 10:10:55.964 [INFO] [MODULE LOADED] Key=AOI, Name=AOI 自动光学检测
2026-10-10 10:10:55.964 [INFO] [MODULE LOADED] Key=GEDTA, Name=GEDTA 制造执行系统
2026-10-10 10:10:55.964 [INFO] [MODULE LOADED] Key=SAJET, Name=SAJET 制造执行系统
2026-10-10 10:10:55.964 [INFO] [MODULE] Loaded: AOI - AOI 自动光学检测
2026-10-10 10:10:55.964 [INFO] [MODULE] Loaded: GEDTA - GEDTA 制造执行系统
2026-10-10 10:10:55.964 [INFO] [MODULE] Loaded: SAJET - SAJET 制造执行系统
2026-10-10 10:10:56.070 [INFO] [CONFIG] Loaded: login.json
2026-10-10 10:11:12.764 [INFO] [LOGIN] Cancelled, exiting.
2026-10-10 10:11:12.781 [INFO] [EXIT] Application exiting.
2026-10-10 10:16:59.241 [INFO] [START] Args=
2026-10-10 10:16:59.271 [INFO] [START] Console=False
2026-10-10 10:16:59.340 [INFO] [MODULE LOADED] Key=AOI, Name=AOI 自动光学检测
2026-10-10 10:16:59.341 [INFO] [MODULE LOADED] Key=GEDTA, Name=GEDTA 制造执行系统
2026-10-10 10:16:59.341 [INFO] [MODULE LOADED] Key=SAJET, Name=SAJET 制造执行系统
2026-10-10 10:16:59.341 [INFO] [MODULE] Loaded: AOI - AOI 自动光学检测
2026-10-10 10:16:59.341 [INFO] [MODULE] Loaded: GEDTA - GEDTA 制造执行系统
2026-10-10 10:16:59.341 [INFO] [MODULE] Loaded: SAJET - SAJET 制造执行系统
2026-10-10 10:16:59.476 [INFO] [CONFIG] Loaded: login.json
2026-10-10 10:17:07.856 [INFO] [CONFIG] Saved: login.json
2026-10-10 10:17:08.004 [INFO] [LOGIN OK] Module=SAJET, UserNo=D360749
2026-10-10 10:17:08.018 [INFO] [CONFIG] File not found, use default: favorites.json
2026-10-10 10:17:38.927 [INFO] [EXIT] Program exit.
2026-10-10 10:17:38.986 [INFO] [EXIT] Application exiting.
