2026-09-24 08:13:23.835 [INFO] [START] Args=
2026-09-24 08:13:23.856 [INFO] [START] Console=False
2026-09-24 08:13:23.954 [INFO] [MODULE LOADED] Key=GEDTA, Name=GEDTA 制造执行系统
2026-09-24 08:13:23.955 [INFO] [MODULE LOADED] Key=SAJET, Name=SAJET 制造执行系统
2026-09-24 08:13:23.955 [INFO] [MODULE] Loaded: GEDTA - GEDTA 制造执行系统
2026-09-24 08:13:23.955 [INFO] [MODULE] Loaded: SAJET - SAJET 制造执行系统
2026-09-24 08:13:24.304 [INFO] [CONFIG] Loaded: login.json
2026-09-24 08:13:33.521 [INFO] [CONFIG] Saved: login.json
2026-09-24 08:13:33.700 [INFO] [LOGIN OK] Module=SAJET, UserNo=D360749
2026-09-24 08:13:33.740 [INFO] [CONFIG] Loaded: favorites.json
2026-09-24 08:19:26.576 [INFO] [EXIT] Shell closed, exiting.
2026-09-24 08:19:26.631 [INFO] [EXIT] Application exiting.
2026-09-24 08:58:56.220 [INFO] [START] Args=
2026-09-24 08:58:56.239 [INFO] [START] Console=False
2026-09-24 08:58:56.268 [INFO] [MODULE LOADED] Key=GEDTA, Name=GEDTA 制造执行系统
2026-09-24 08:58:56.268 [INFO] [MODULE LOADED] Key=SAJET, Name=SAJET 制造执行系统
2026-09-24 08:58:56.268 [INFO] [MODULE] Loaded: GEDTA - GEDTA 制造执行系统
2026-09-24 08:58:56.268 [INFO] [MODULE] Loaded: SAJET - SAJET 制造执行系统
2026-09-24 08:58:56.372 [INFO] [CONFIG] Loaded: login.json
2026-09-24 08:59:03.047 [INFO] [CONFIG] Saved: login.json
2026-09-24 08:59:03.210 [INFO] [LOGIN OK] Module=SAJET, UserNo=D360749
2026-09-24 08:59:03.243 [INFO] [CONFIG] Loaded: favorites.json
2026-09-24 08:59:13.932 [INFO] [EXIT] Shell closed, exiting.
2026-09-24 08:59:13.950 [INFO] [EXIT] Application exiting.
2026-09-24 09:00:41.684 [INFO] [START] Args=
2026-09-24 09:00:41.687 [INFO] [START] Console=False
2026-09-24 09:00:41.722 [INFO] [MODULE LOADED] Key=GEDTA, Name=GEDTA 制造执行系统
2026-09-24 09:00:41.723 [INFO] [MODULE LOADED] Key=SAJET, Name=SAJET 制造执行系统
2026-09-24 09:00:41.723 [INFO] [MODULE] Loaded: GEDTA - GEDTA 制造执行系统
2026-09-24 09:00:41.723 [INFO] [MODULE] Loaded: SAJET - SAJET 制造执行系统
2026-09-24 09:00:41.856 [INFO] [CONFIG] Loaded: login.json
2026-09-24 09:00:47.958 [INFO] [CONFIG] Saved: login.json
2026-09-24 09:00:48.056 [INFO] [LOGIN OK] Module=SAJET, UserNo=D360749
2026-09-24 09:00:48.108 [INFO] [CONFIG] Loaded: favorites.json
2026-09-24 09:00:57.609 [INFO] [EXIT] Shell closed, exiting.
2026-09-24 09:00:57.613 [INFO] [EXIT] Application exiting.
2026-09-24 10:49:18.293 [INFO] [START] Args=
2026-09-24 10:49:18.308 [INFO] [START] Console=False
2026-09-24 10:49:18.370 [INFO] [MODULE LOADED] Key=GEDTA, Name=GEDTA 制造执行系统
2026-09-24 10:49:18.371 [INFO] [MODULE LOADED] Key=SAJET, Name=SAJET 制造执行系统
2026-09-24 10:49:18.371 [INFO] [MODULE] Loaded: GEDTA - GEDTA 制造执行系统
2026-09-24 10:49:18.371 [INFO] [MODULE] Loaded: SAJET - SAJET 制造执行系统
2026-09-24 10:49:18.599 [INFO] [CONFIG] Loaded: login.json
2026-09-24 10:49:25.848 [INFO] [CONFIG] Saved: login.json
2026-09-24 10:49:26.003 [INFO] [LOGIN OK] Module=SAJET, UserNo=D360749
2026-09-24 10:49:26.028 [INFO] [CONFIG] Loaded: favorites.json
2026-09-24 10:50:54.723 [INFO] [EXIT] Shell closed, exiting.
2026-09-24 10:50:54.733 [INFO] [EXIT] Application exiting.
2026-09-24 13:42:49.546 [INFO] [START] Args=
2026-09-24 13:42:49.548 [INFO] [START] Console=False
2026-09-24 13:42:49.681 [INFO] [MODULE LOADED] Key=GEDTA, Name=GEDTA 制造执行系统
2026-09-24 13:42:49.682 [INFO] [MODULE LOADED] Key=SAJET, Name=SAJET 制造执行系统
2026-09-24 13:42:49.682 [INFO] [MODULE] Loaded: GEDTA - GEDTA 制造执行系统
2026-09-24 13:42:49.682 [INFO] [MODULE] Loaded: SAJET - SAJET 制造执行系统
2026-09-24 13:42:49.973 [INFO] [CONFIG] Loaded: login.json
2026-09-24 13:42:57.689 [INFO] [CONFIG] Saved: login.json
2026-09-24 13:42:57.834 [INFO] [LOGIN OK] Module=SAJET, UserNo=D360749
2026-09-24 13:42:57.882 [INFO] [CONFIG] Loaded: favorites.json
2026-09-24 13:44:04.691 [INFO] [EXIT] Shell closed, exiting.
2026-09-24 13:44:04.765 [INFO] [EXIT] Application exiting.
2026-09-24 13:57:37.901 [INFO] [START] Args=
2026-09-24 13:57:37.903 [INFO] [START] Console=False
2026-09-24 13:57:37.933 [INFO] [MODULE LOADED] Key=GEDTA, Name=GEDTA 制造执行系统
2026-09-24 13:57:37.934 [INFO] [MODULE LOADED] Key=SAJET, Name=SAJET 制造执行系统
2026-09-24 13:57:37.934 [INFO] [MODULE] Loaded: GEDTA - GEDTA 制造执行系统
2026-09-24 13:57:37.934 [INFO] [MODULE] Loaded: SAJET - SAJET 制造执行系统
2026-09-24 13:57:38.039 [INFO] [CONFIG] Loaded: login.json
2026-09-24 13:57:44.071 [INFO] [CONFIG] Saved: login.json
2026-09-24 13:57:44.152 [INFO] [LOGIN OK] Module=SAJET, UserNo=D360749
2026-09-24 13:57:44.182 [INFO] [CONFIG] Loaded: favorites.json
2026-09-24 13:58:58.520 [INFO] [REWORK] Auto-generated rework no: RWV2609240144
2026-09-24 13:59:02.059 [INFO] [REWORK] Execute start: reworkNo=RWV2609240144, empNo=D360749
2026-09-24 13:59:02.420 [ERROR] [REWORK] Execute failed: 事务执行失败：ORA-01006: bind variable does not exist
https://docs.oracle.com/error-help/db/ora-01006/
SQL:
INSERT INTO SAJET.G_REWORK_LOG
        SELECT * FROM SAJET.G_SN_STATUS
        WHERE SERIAL_NUMBER IN (
            SELECT SERIAL_NUMBER FROM SAJET.G_SN_STATUS
            WHERE CURRENT_STATUS = 0 AND WORK_FLAG = 0
              AND (S.SERIAL_NUMBER IN (:c0))
        )
---
UPDATE SAJET.G_SN_STATUS
        SET ROUTE_ID    = :routeId, WIP_PROCESS = :processId, REWORK_NO   = :reworkNo
        WHERE SERIAL_NUMBER IN (
            SELECT SERIAL_NUMBER FROM SAJET.G_SN_STATUS
            WHERE CURRENT_STATUS = 0 AND WORK_FLAG = 0
              AND (S.SERIAL_NUMBER IN (:c0))
        )
---
INSERT INTO SAJET.G_REWORK_NO 
            (CONDITION, EMP_ID, REMARK, REWORK_NO, UPDATE_TIME)
        VALUES 
            (:condition, :empId, :remark, :reworkNo, SYSDATE)
2026-09-24 14:00:00.425 [INFO] [REWORK] Execute start: reworkNo=RWV2609240144, empNo=D360749
2026-09-24 14:00:00.432 [ERROR] [REWORK] Execute failed: 事务执行失败：ORA-01006: bind variable does not exist
https://docs.oracle.com/error-help/db/ora-01006/
SQL:
INSERT INTO SAJET.G_REWORK_LOG
        SELECT * FROM SAJET.G_SN_STATUS
        WHERE SERIAL_NUMBER IN (
            SELECT SERIAL_NUMBER FROM SAJET.G_SN_STATUS
            WHERE CURRENT_STATUS = 0 AND WORK_FLAG = 0
              AND (S.SERIAL_NUMBER IN (:c0))
        )
---
UPDATE SAJET.G_SN_STATUS
        SET ROUTE_ID    = :routeId, WIP_PROCESS = :processId, REWORK_NO   = :reworkNo
        WHERE SERIAL_NUMBER IN (
            SELECT SERIAL_NUMBER FROM SAJET.G_SN_STATUS
            WHERE CURRENT_STATUS = 0 AND WORK_FLAG = 0
              AND (S.SERIAL_NUMBER IN (:c0))
        )
---
INSERT INTO SAJET.G_REWORK_NO 
            (CONDITION, EMP_ID, REMARK, REWORK_NO, UPDATE_TIME)
        VALUES 
            (:condition, :empId, :remark, :reworkNo, SYSDATE)
2026-09-24 14:09:55.128 [INFO] [EXIT] Shell closed, exiting.
2026-09-24 14:09:55.167 [INFO] [EXIT] Application exiting.
2026-09-24 14:20:32.830 [INFO] [START] Args=
2026-09-24 14:20:32.834 [INFO] [START] Console=False
2026-09-24 14:20:32.929 [INFO] [MODULE LOADED] Key=GEDTA, Name=GEDTA 制造执行系统
2026-09-24 14:20:32.929 [INFO] [MODULE LOADED] Key=SAJET, Name=SAJET 制造执行系统
2026-09-24 14:20:32.929 [INFO] [MODULE] Loaded: GEDTA - GEDTA 制造执行系统
2026-09-24 14:20:32.929 [INFO] [MODULE] Loaded: SAJET - SAJET 制造执行系统
2026-09-24 14:20:33.190 [INFO] [CONFIG] Loaded: login.json
2026-09-24 14:20:44.810 [INFO] [CONFIG] Saved: login.json
2026-09-24 14:20:44.928 [INFO] [LOGIN OK] Module=SAJET, UserNo=D360749
2026-09-24 14:20:44.959 [INFO] [CONFIG] Loaded: favorites.json
2026-09-24 14:22:14.742 [INFO] [REWORK] Auto-generated rework no: RWV2609240145
2026-09-24 14:35:33.323 [INFO] [CONFIG] Saved: favorites.json
2026-09-24 14:52:43.911 [INFO] [EXIT] Shell closed, exiting.
2026-09-24 14:52:44.019 [INFO] [EXIT] Application exiting.
2026-09-24 16:03:45.918 [INFO] [START] Args=
2026-09-24 16:03:45.941 [INFO] [START] Console=False
2026-09-24 16:03:46.038 [INFO] [MODULE LOADED] Key=GEDTA, Name=GEDTA 制造执行系统
2026-09-24 16:03:46.039 [INFO] [MODULE LOADED] Key=SAJET, Name=SAJET 制造执行系统
2026-09-24 16:03:46.039 [INFO] [MODULE] Loaded: GEDTA - GEDTA 制造执行系统
2026-09-24 16:03:46.039 [INFO] [MODULE] Loaded: SAJET - SAJET 制造执行系统
2026-09-24 16:03:46.294 [INFO] [CONFIG] Loaded: login.json
2026-09-24 16:03:56.088 [INFO] [CONFIG] Saved: login.json
2026-09-24 16:03:56.230 [INFO] [LOGIN OK] Module=SAJET, UserNo=D360749
2026-09-24 16:03:56.256 [INFO] [CONFIG] Loaded: favorites.json
2026-09-24 16:04:46.874 [INFO] [STATUS] Match: EQJ7A0462901183 -> EQJ7A0462901183
2026-09-24 16:05:09.319 [INFO] [EXIT] Shell closed, exiting.
2026-09-24 16:05:09.326 [INFO] [EXIT] Application exiting.
2026-09-24 16:05:25.165 [INFO] [START] Args=
2026-09-24 16:05:25.168 [INFO] [START] Console=False
2026-09-24 16:05:25.200 [INFO] [MODULE LOADED] Key=GEDTA, Name=GEDTA 制造执行系统
2026-09-24 16:05:25.201 [INFO] [MODULE LOADED] Key=SAJET, Name=SAJET 制造执行系统
2026-09-24 16:05:25.201 [INFO] [MODULE] Loaded: GEDTA - GEDTA 制造执行系统
2026-09-24 16:05:25.201 [INFO] [MODULE] Loaded: SAJET - SAJET 制造执行系统
2026-09-24 16:05:25.329 [INFO] [CONFIG] Loaded: login.json
2026-09-24 16:05:32.143 [INFO] [CONFIG] Saved: login.json
2026-09-24 16:05:32.222 [INFO] [LOGIN OK] Module=SAJET, UserNo=D360749
2026-09-24 16:05:32.258 [INFO] [CONFIG] Loaded: favorites.json
2026-09-24 16:06:32.062 [INFO] [EXIT] Shell closed, exiting.
2026-09-24 16:06:32.074 [INFO] [EXIT] Application exiting.
2026-09-24 16:22:36.408 [INFO] [START] Args=
2026-09-24 16:22:36.431 [INFO] [START] Console=False
2026-09-24 16:22:36.548 [INFO] [MODULE LOADED] Key=GEDTA, Name=GEDTA 制造执行系统
2026-09-24 16:22:36.549 [INFO] [MODULE LOADED] Key=SAJET, Name=SAJET 制造执行系统
2026-09-24 16:22:36.549 [INFO] [MODULE] Loaded: GEDTA - GEDTA 制造执行系统
2026-09-24 16:22:36.549 [INFO] [MODULE] Loaded: SAJET - SAJET 制造执行系统
2026-09-24 16:22:36.901 [INFO] [CONFIG] Loaded: login.json
2026-09-24 16:22:49.513 [INFO] [CONFIG] Saved: login.json
2026-09-24 16:22:49.631 [INFO] [LOGIN OK] Module=SAJET, UserNo=D360749
2026-09-24 16:22:49.648 [INFO] [CONFIG] Loaded: favorites.json
2026-09-24 16:23:00.960 [INFO] [EXIT] Shell closed, exiting.
2026-09-24 16:23:00.966 [INFO] [EXIT] Application exiting.
2026-09-24 16:23:10.515 [INFO] [START] Args=
2026-09-24 16:23:10.518 [INFO] [START] Console=False
2026-09-24 16:23:10.557 [INFO] [MODULE LOADED] Key=GEDTA, Name=GEDTA 制造执行系统
2026-09-24 16:23:10.557 [INFO] [MODULE LOADED] Key=SAJET, Name=SAJET 制造执行系统
2026-09-24 16:23:10.558 [INFO] [MODULE] Loaded: GEDTA - GEDTA 制造执行系统
2026-09-24 16:23:10.558 [INFO] [MODULE] Loaded: SAJET - SAJET 制造执行系统
2026-09-24 16:23:10.696 [INFO] [CONFIG] Loaded: login.json
2026-09-24 16:23:26.785 [INFO] [CONFIG] Saved: login.json
2026-09-24 16:23:26.856 [INFO] [LOGIN OK] Module=SAJET, UserNo=D360749
2026-09-24 16:23:26.874 [INFO] [CONFIG] Loaded: favorites.json
2026-09-24 16:24:10.134 [INFO] [EXIT] Shell closed, exiting.
2026-09-24 16:24:10.155 [INFO] [EXIT] Application exiting.
2026-09-24 18:56:19.889 [INFO] [START] Args=
2026-09-24 18:56:19.915 [INFO] [START] Console=False
2026-09-24 18:56:19.985 [INFO] [MODULE LOADED] Key=GEDTA, Name=GEDTA 制造执行系统
2026-09-24 18:56:19.986 [INFO] [MODULE LOADED] Key=SAJET, Name=SAJET 制造执行系统
2026-09-24 18:56:19.986 [INFO] [MODULE] Loaded: GEDTA - GEDTA 制造执行系统
2026-09-24 18:56:19.986 [INFO] [MODULE] Loaded: SAJET - SAJET 制造执行系统
2026-09-24 18:56:20.268 [INFO] [CONFIG] Loaded: login.json
2026-09-24 18:56:27.192 [INFO] [CONFIG] Saved: login.json
2026-09-24 18:56:27.357 [INFO] [LOGIN OK] Module=SAJET, UserNo=D360749
2026-09-24 18:56:27.401 [INFO] [CONFIG] Loaded: favorites.json
2026-09-24 18:56:50.070 [INFO] [STATUS] Match: EQJ7A0462901021 -> EQJ7A0462901021
2026-09-24 19:05:44.758 [INFO] [EXIT] Shell closed, exiting.
2026-09-24 19:05:44.792 [INFO] [EXIT] Application exiting.
2026-09-24 19:05:59.592 [INFO] [START] Args=
2026-09-24 19:05:59.594 [INFO] [START] Console=False
2026-09-24 19:05:59.627 [INFO] [MODULE LOADED] Key=GEDTA, Name=GEDTA 制造执行系统
2026-09-24 19:05:59.628 [INFO] [MODULE LOADED] Key=SAJET, Name=SAJET 制造执行系统
2026-09-24 19:05:59.628 [INFO] [MODULE] Loaded: GEDTA - GEDTA 制造执行系统
2026-09-24 19:05:59.628 [INFO] [MODULE] Loaded: SAJET - SAJET 制造执行系统
2026-09-24 19:05:59.732 [INFO] [CONFIG] Loaded: login.json
2026-09-24 19:06:06.066 [INFO] [CONFIG] Saved: login.json
2026-09-24 19:06:06.185 [INFO] [LOGIN OK] Module=SAJET, UserNo=D360749
2026-09-24 19:06:06.200 [INFO] [CONFIG] Loaded: favorites.json
2026-09-24 19:08:13.612 [INFO] [EXIT] Shell closed, exiting.
2026-09-24 19:08:13.614 [INFO] [EXIT] Application exiting.
2026-09-24 19:30:50.187 [INFO] [START] Args=
2026-09-24 19:30:50.216 [INFO] [START] Console=False
2026-09-24 19:30:50.284 [INFO] [MODULE LOADED] Key=GEDTA, Name=GEDTA 制造执行系统
2026-09-24 19:30:50.285 [INFO] [MODULE LOADED] Key=SAJET, Name=SAJET 制造执行系统
2026-09-24 19:30:50.285 [INFO] [MODULE] Loaded: GEDTA - GEDTA 制造执行系统
2026-09-24 19:30:50.285 [INFO] [MODULE] Loaded: SAJET - SAJET 制造执行系统
2026-09-24 19:30:50.538 [INFO] [CONFIG] Loaded: login.json
2026-09-24 19:31:00.783 [INFO] [CONFIG] Saved: login.json
2026-09-24 19:31:00.957 [INFO] [LOGIN OK] Module=SAJET, UserNo=D360749
2026-09-24 19:31:01.025 [INFO] [CONFIG] Loaded: favorites.json
2026-09-24 19:31:14.507 [INFO] [CARTON] WQC result: carton=268G001676, result=NO_DATA_FOUND (NO MATCHING PALLET)
2026-09-24 19:31:39.486 [INFO] [EXIT] Shell closed, exiting.
2026-09-24 19:31:39.507 [INFO] [EXIT] Application exiting.
