2026-09-22 10:06:19.838 [INFO] [START] Args=
2026-09-22 10:06:19.871 [INFO] [START] Console=False
2026-09-22 10:06:19.960 [INFO] [MODULE LOADED] Key=SAJET, Name=SAJET 制造执行系统
2026-09-22 10:06:19.961 [INFO] [MODULE] Loaded: SAJET - SAJET 制造执行系统
2026-09-22 10:06:20.226 [INFO] [CONFIG] Loaded: login.json
2026-09-22 10:06:36.594 [INFO] [LOGIN] Cancelled, exiting.
2026-09-22 10:06:36.634 [INFO] [EXIT] Application exiting.
2026-09-22 10:08:25.044 [INFO] [START] Args=
2026-09-22 10:08:25.046 [INFO] [START] Console=False
2026-09-22 10:08:25.069 [INFO] [MODULE LOADED] Key=SAJET, Name=SAJET 制造执行系统
2026-09-22 10:08:25.069 [INFO] [MODULE] Loaded: SAJET - SAJET 制造执行系统
2026-09-22 10:08:25.173 [INFO] [CONFIG] Loaded: login.json
2026-09-22 10:08:30.157 [INFO] [LOGIN] Cancelled, exiting.
2026-09-22 10:08:30.172 [INFO] [EXIT] Application exiting.
2026-09-22 10:10:50.648 [INFO] [START] Args=
2026-09-22 10:10:50.650 [INFO] [START] Console=False
2026-09-22 10:10:50.677 [INFO] [MODULE LOADED] Key=GEDTA, Name=GEDTA 制造执行系统
2026-09-22 10:10:50.677 [INFO] [MODULE LOADED] Key=SAJET, Name=SAJET 制造执行系统
2026-09-22 10:10:50.677 [INFO] [MODULE] Loaded: GEDTA - GEDTA 制造执行系统
2026-09-22 10:10:50.677 [INFO] [MODULE] Loaded: SAJET - SAJET 制造执行系统
2026-09-22 10:10:50.790 [INFO] [CONFIG] Loaded: login.json
2026-09-22 10:10:59.289 [INFO] [CONFIG] Saved: login.json
2026-09-22 10:10:59.422 [INFO] [LOGIN OK] Module=GEDTA, UserNo=D360749
2026-09-22 10:10:59.478 [INFO] [CONFIG] Loaded: favorites.json
2026-09-22 10:11:19.022 [INFO] [EXIT] Shell closed, exiting.
2026-09-22 10:11:19.102 [INFO] [EXIT] Application exiting.
2026-09-22 10:11:22.768 [INFO] [START] Args=
2026-09-22 10:11:22.770 [INFO] [START] Console=False
2026-09-22 10:11:22.892 [INFO] [MODULE LOADED] Key=GEDTA, Name=GEDTA 制造执行系统
2026-09-22 10:11:22.892 [INFO] [MODULE LOADED] Key=SAJET, Name=SAJET 制造执行系统
2026-09-22 10:11:22.892 [INFO] [MODULE] Loaded: GEDTA - GEDTA 制造执行系统
2026-09-22 10:11:22.892 [INFO] [MODULE] Loaded: SAJET - SAJET 制造执行系统
2026-09-22 10:11:23.102 [INFO] [CONFIG] Loaded: login.json
2026-09-22 10:11:39.319 [INFO] [CONFIG] Saved: login.json
2026-09-22 10:11:39.446 [INFO] [LOGIN OK] Module=SAJET, UserNo=D360749
2026-09-22 10:11:39.485 [INFO] [CONFIG] Loaded: favorites.json
2026-09-22 10:11:41.653 [INFO] [EXIT] Shell closed, exiting.
2026-09-22 10:11:41.666 [INFO] [EXIT] Application exiting.
2026-09-22 10:12:46.987 [INFO] [START] Args=
2026-09-22 10:12:46.989 [INFO] [START] Console=False
2026-09-22 10:12:47.017 [INFO] [MODULE LOADED] Key=GEDTA, Name=GEDTA 制造执行系统
2026-09-22 10:12:47.017 [INFO] [MODULE LOADED] Key=SAJET, Name=SAJET 制造执行系统
2026-09-22 10:12:47.017 [INFO] [MODULE] Loaded: GEDTA - GEDTA 制造执行系统
2026-09-22 10:12:47.017 [INFO] [MODULE] Loaded: SAJET - SAJET 制造执行系统
2026-09-22 10:12:47.135 [INFO] [CONFIG] Loaded: login.json
2026-09-22 10:12:49.388 [INFO] [LOGIN] Cancelled, exiting.
2026-09-22 10:12:49.417 [INFO] [EXIT] Application exiting.
2026-09-22 10:13:01.699 [INFO] [START] Args=
2026-09-22 10:13:01.702 [INFO] [START] Console=False
2026-09-22 10:13:01.734 [INFO] [MODULE LOADED] Key=GEDTA, Name=GEDTA 制造执行系统
2026-09-22 10:13:01.734 [INFO] [MODULE LOADED] Key=SAJET, Name=SAJET 制造执行系统
2026-09-22 10:13:01.735 [INFO] [MODULE] Loaded: GEDTA - GEDTA 制造执行系统
2026-09-22 10:13:01.735 [INFO] [MODULE] Loaded: SAJET - SAJET 制造执行系统
2026-09-22 10:13:01.863 [INFO] [CONFIG] Loaded: login.json
2026-09-22 10:13:05.717 [INFO] [LOGIN] Cancelled, exiting.
2026-09-22 10:13:05.764 [INFO] [EXIT] Application exiting.
2026-09-22 10:13:12.137 [INFO] [START] Args=
2026-09-22 10:13:12.139 [INFO] [START] Console=False
2026-09-22 10:13:12.169 [INFO] [MODULE LOADED] Key=GEDTA, Name=GEDTA 制造执行系统
2026-09-22 10:13:12.169 [INFO] [MODULE LOADED] Key=SAJET, Name=SAJET 制造执行系统
2026-09-22 10:13:12.169 [INFO] [MODULE] Loaded: GEDTA - GEDTA 制造执行系统
2026-09-22 10:13:12.169 [INFO] [MODULE] Loaded: SAJET - SAJET 制造执行系统
2026-09-22 10:13:12.287 [INFO] [CONFIG] Loaded: login.json
2026-09-22 10:13:18.053 [INFO] [CONFIG] Saved: login.json
2026-09-22 10:13:18.137 [INFO] [LOGIN OK] Module=SAJET, UserNo=D360749
2026-09-22 10:13:18.175 [INFO] [CONFIG] Loaded: favorites.json
2026-09-22 10:13:28.171 [INFO] [EXIT] Shell closed, exiting.
2026-09-22 10:13:28.177 [INFO] [EXIT] Application exiting.
2026-09-22 10:13:53.205 [INFO] [START] Args=
2026-09-22 10:13:53.207 [INFO] [START] Console=False
2026-09-22 10:13:53.237 [INFO] [MODULE LOADED] Key=GEDTA, Name=GEDTA 制造执行系统
2026-09-22 10:13:53.237 [INFO] [MODULE LOADED] Key=SAJET, Name=SAJET 制造执行系统
2026-09-22 10:13:53.237 [INFO] [MODULE] Loaded: GEDTA - GEDTA 制造执行系统
2026-09-22 10:13:53.237 [INFO] [MODULE] Loaded: SAJET - SAJET 制造执行系统
2026-09-22 10:13:53.348 [INFO] [CONFIG] Loaded: login.json
2026-09-22 10:14:00.507 [INFO] [LOGIN] Cancelled, exiting.
2026-09-22 10:14:00.531 [INFO] [EXIT] Application exiting.
2026-09-22 10:14:37.817 [INFO] [START] Args=
2026-09-22 10:14:37.819 [INFO] [START] Console=False
2026-09-22 10:14:37.847 [INFO] [MODULE LOADED] Key=GEDTA, Name=GEDTA 制造执行系统
2026-09-22 10:14:37.847 [INFO] [MODULE LOADED] Key=SAJET, Name=SAJET 制造执行系统
2026-09-22 10:14:37.848 [INFO] [MODULE] Loaded: GEDTA - GEDTA 制造执行系统
2026-09-22 10:14:37.848 [INFO] [MODULE] Loaded: SAJET - SAJET 制造执行系统
2026-09-22 10:14:37.965 [INFO] [CONFIG] Loaded: login.json
2026-09-22 10:14:44.036 [INFO] [CONFIG] Saved: login.json
2026-09-22 10:14:44.127 [INFO] [LOGIN OK] Module=SAJET, UserNo=D360749
2026-09-22 10:14:44.156 [INFO] [CONFIG] Loaded: favorites.json
2026-09-22 10:14:49.063 [INFO] [EXIT] Shell closed, exiting.
2026-09-22 10:14:49.092 [INFO] [EXIT] Application exiting.
2026-09-22 14:51:16.353 [INFO] [START] Args=
2026-09-22 14:51:16.373 [INFO] [START] Console=False
2026-09-22 14:51:16.438 [INFO] [MODULE LOADED] Key=GEDTA, Name=GEDTA 制造执行系统
2026-09-22 14:51:16.439 [INFO] [MODULE LOADED] Key=SAJET, Name=SAJET 制造执行系统
2026-09-22 14:51:16.439 [INFO] [MODULE] Loaded: GEDTA - GEDTA 制造执行系统
2026-09-22 14:51:16.439 [INFO] [MODULE] Loaded: SAJET - SAJET 制造执行系统
2026-09-22 14:51:16.670 [INFO] [CONFIG] Loaded: login.json
2026-09-22 14:51:34.206 [INFO] [CONFIG] Saved: login.json
2026-09-22 14:51:34.350 [INFO] [LOGIN OK] Module=SAJET, UserNo=D360749
2026-09-22 14:51:34.382 [INFO] [CONFIG] Loaded: favorites.json
2026-09-22 14:51:44.035 [INFO] [EXIT] Shell closed, exiting.
2026-09-22 14:51:44.067 [INFO] [EXIT] Application exiting.
2026-09-22 14:52:36.060 [INFO] [START] Args=
2026-09-22 14:52:36.087 [INFO] [START] Console=False
2026-09-22 14:52:36.116 [INFO] [MODULE LOADED] Key=GEDTA, Name=GEDTA 制造执行系统
2026-09-22 14:52:36.116 [INFO] [MODULE LOADED] Key=SAJET, Name=SAJET 制造执行系统
2026-09-22 14:52:36.116 [INFO] [MODULE] Loaded: GEDTA - GEDTA 制造执行系统
2026-09-22 14:52:36.116 [INFO] [MODULE] Loaded: SAJET - SAJET 制造执行系统
2026-09-22 14:52:36.226 [INFO] [CONFIG] Loaded: login.json
2026-09-22 14:52:41.857 [INFO] [CONFIG] Saved: login.json
2026-09-22 14:52:41.930 [INFO] [LOGIN OK] Module=SAJET, UserNo=D360749
2026-09-22 14:52:41.969 [INFO] [CONFIG] Loaded: favorites.json
2026-09-22 14:52:54.439 [ERROR] [WO-DETAIL] Failed: 查询失败：ORA-00911: invalid character
https://docs.oracle.com/error-help/db/ora-00911/
SQL: SELECT W.WORK_ORDER,
                   P.PART_NO,
                   P.SPEC1;
                   W.WO_RULE,
                   W.VERSION,
                   W.WO_STATUS,
                   CASE WHEN W.WO_STATUS = 0 THEN 'initial'
                        WHEN W.WO_STATUS = 1 THEN 'prepare'
                        WHEN W.WO_STATUS = 2 THEN 'release'
                        WHEN W.WO_STATUS = 3 THEN 'work in process'
                        WHEN W.WO_STATUS = 4 THEN 'hold'
                        WHEN W.WO_STATUS = 5 THEN 'cancel'
                        WHEN W.WO_STATUS = 6 THEN 'complete'
                        ELSE 'unknown' END AS WO_STATUS_DESC,
                   W.TARGET_QTY,
                   W.INPUT_QTY,
                   W.OUTPUT_QTY,
                   W.ROUTE_ID,
                   R.ROUTE_NAME,
                   W.START_PROCESS_ID,
                   PE.PROCESS_NAME AS START_PROCESS,
                   W.END_PROCESS_ID,
                   PA.PROCESS_NAME AS END_PROCESS,
                   W.DEFAULT_PDLINE_ID,
                   PD.PDLINE_NAME
            FROM SAJET.G_WO_BASE W
            LEFT JOIN SAJET.SYS_PART    P  ON P.PART_ID  = W.MODEL_ID
            LEFT JOIN SAJET.SYS_ROUTE   R  ON R.ROUTE_ID = W.ROUTE_ID
            LEFT JOIN SAJET.SYS_PROCESS PE ON PE.PROCESS_ID = W.START_PROCESS_ID
            LEFT JOIN SAJET.SYS_PROCESS PA ON PA.PROCESS_ID = W.END_PROCESS_ID
            LEFT JOIN SAJET.SYS_PDLINE  PD ON PD.PDLINE_ID  = W.DEFAULT_PDLINE_ID
            WHERE W.WORK_ORDER = :input
            ORDER BY W.WORK_ORDER
参数：input=24527126-3.1-001-D; 
2026-09-22 14:54:19.947 [INFO] [EXIT] Shell closed, exiting.
2026-09-22 14:54:20.766 [INFO] [EXIT] Application exiting.
2026-09-22 14:58:47.854 [INFO] [START] Args=
2026-09-22 14:58:47.873 [INFO] [START] Console=False
2026-09-22 14:58:47.908 [INFO] [MODULE LOADED] Key=GEDTA, Name=GEDTA 制造执行系统
2026-09-22 14:58:47.909 [INFO] [MODULE LOADED] Key=SAJET, Name=SAJET 制造执行系统
2026-09-22 14:58:47.909 [INFO] [MODULE] Loaded: GEDTA - GEDTA 制造执行系统
2026-09-22 14:58:47.909 [INFO] [MODULE] Loaded: SAJET - SAJET 制造执行系统
2026-09-22 14:58:48.049 [INFO] [CONFIG] Loaded: login.json
2026-09-22 14:58:56.549 [INFO] [CONFIG] Saved: login.json
2026-09-22 14:58:56.701 [INFO] [LOGIN OK] Module=SAJET, UserNo=D360749
2026-09-22 14:58:56.733 [INFO] [CONFIG] Loaded: favorites.json
2026-09-22 14:59:07.924 [INFO] [WO-DETAIL] 24527126-3.1-001-D loaded, SN count = 1501
2026-09-22 15:14:27.043 [INFO] [EXIT] Shell closed, exiting.
2026-09-22 15:14:27.112 [INFO] [EXIT] Application exiting.
2026-09-22 15:15:07.104 [INFO] [START] Args=
2026-09-22 15:15:07.108 [INFO] [START] Console=False
2026-09-22 15:15:07.144 [INFO] [MODULE LOADED] Key=GEDTA, Name=GEDTA 制造执行系统
2026-09-22 15:15:07.145 [INFO] [MODULE LOADED] Key=SAJET, Name=SAJET 制造执行系统
2026-09-22 15:15:07.145 [INFO] [MODULE] Loaded: GEDTA - GEDTA 制造执行系统
2026-09-22 15:15:07.145 [INFO] [MODULE] Loaded: SAJET - SAJET 制造执行系统
2026-09-22 15:15:07.266 [INFO] [CONFIG] Loaded: login.json
2026-09-22 15:15:15.656 [INFO] [CONFIG] Saved: login.json
2026-09-22 15:15:15.796 [INFO] [LOGIN OK] Module=SAJET, UserNo=D360749
2026-09-22 15:15:15.834 [INFO] [CONFIG] Loaded: favorites.json
2026-09-22 15:15:23.811 [INFO] [WO-DETAIL] Status SN count = 1387
2026-09-22 15:15:23.811 [INFO] [WO-DETAIL] 24527126-3.1-001-D loaded, mode=0
2026-09-22 15:15:30.529 [INFO] [WO-DETAIL] Travel SN count = 3000
2026-09-22 15:15:31.720 [INFO] [WO-DETAIL] Travel SN count = 3000
2026-09-22 15:15:31.721 [INFO] [WO-DETAIL] 24527126-3.1-001-D loaded, mode=1
2026-09-22 15:15:54.311 [INFO] [WO-DETAIL] Exported 3000 rows to C:\Users\leihuang.ECS\Desktop\SN_24527126-3.1-001-D_20260922151541.csv
2026-09-22 15:48:46.239 [INFO] [EXIT] Shell closed, exiting.
2026-09-22 15:48:46.307 [INFO] [EXIT] Application exiting.
2026-09-22 15:56:48.829 [INFO] [START] Args=
2026-09-22 15:56:48.831 [INFO] [START] Console=False
2026-09-22 15:56:49.039 [INFO] [MODULE LOADED] Key=GEDTA, Name=GEDTA 制造执行系统
2026-09-22 15:56:49.040 [INFO] [MODULE LOADED] Key=SAJET, Name=SAJET 制造执行系统
2026-09-22 15:56:49.040 [INFO] [MODULE] Loaded: GEDTA - GEDTA 制造执行系统
2026-09-22 15:56:49.040 [INFO] [MODULE] Loaded: SAJET - SAJET 制造执行系统
2026-09-22 15:56:49.350 [INFO] [CONFIG] Loaded: login.json
2026-09-22 15:57:46.120 [INFO] [LOGIN] Cancelled, exiting.
2026-09-22 15:57:46.144 [INFO] [EXIT] Application exiting.
2026-09-22 16:17:21.291 [INFO] [START] Args=
2026-09-22 16:17:21.313 [INFO] [START] Console=False
2026-09-22 16:17:21.515 [INFO] [MODULE LOADED] Key=GEDTA, Name=GEDTA 制造执行系统
2026-09-22 16:17:21.515 [INFO] [MODULE LOADED] Key=SAJET, Name=SAJET 制造执行系统
2026-09-22 16:17:21.515 [INFO] [MODULE] Loaded: GEDTA - GEDTA 制造执行系统
2026-09-22 16:17:21.515 [INFO] [MODULE] Loaded: SAJET - SAJET 制造执行系统
2026-09-22 16:17:21.831 [INFO] [CONFIG] Loaded: login.json
2026-09-22 16:18:42.386 [INFO] [CONFIG] Saved: login.json
2026-09-22 16:18:42.569 [INFO] [LOGIN OK] Module=SAJET, UserNo=D360749
2026-09-22 16:18:42.617 [INFO] [CONFIG] Loaded: favorites.json
2026-09-22 16:19:23.020 [INFO] [WO-DETAIL] Status SN count = 1024
2026-09-22 16:19:23.021 [INFO] [WO-DETAIL] 24527126-3.1-001-D loaded, mode=0
2026-09-22 16:19:30.545 [INFO] [WO-DETAIL] Travel SN count = 3000
2026-09-22 16:19:31.734 [INFO] [WO-DETAIL] Travel SN count = 3000
2026-09-22 16:19:31.734 [INFO] [WO-DETAIL] 24527126-3.1-001-D loaded, mode=1
2026-09-22 16:20:00.933 [INFO] [EXIT] Shell closed, exiting.
2026-09-22 16:20:00.962 [INFO] [EXIT] Application exiting.
2026-09-22 18:47:48.038 [INFO] [START] Args=
2026-09-22 18:47:48.041 [INFO] [START] Console=False
2026-09-22 18:47:48.214 [INFO] [MODULE LOADED] Key=GEDTA, Name=GEDTA 制造执行系统
2026-09-22 18:47:48.214 [INFO] [MODULE LOADED] Key=SAJET, Name=SAJET 制造执行系统
2026-09-22 18:47:48.215 [INFO] [MODULE] Loaded: GEDTA - GEDTA 制造执行系统
2026-09-22 18:47:48.215 [INFO] [MODULE] Loaded: SAJET - SAJET 制造执行系统
2026-09-22 18:47:48.576 [INFO] [CONFIG] Loaded: login.json
2026-09-22 18:47:57.754 [INFO] [CONFIG] Saved: login.json
2026-09-22 18:47:57.935 [INFO] [LOGIN OK] Module=SAJET, UserNo=D360749
2026-09-22 18:47:57.979 [INFO] [CONFIG] Loaded: favorites.json
2026-09-22 18:48:06.406 [INFO] [WO] Query input=24527109-1.1-001-S, type=0, status=7, count=1
2026-09-22 18:48:11.768 [INFO] [WO] Update OK: 24527109-1.1-001-S, status=3, route=PCB_INPUT -> SVI, line=B33F01
2026-09-22 18:49:08.508 [INFO] [EXIT] Shell closed, exiting.
2026-09-22 18:49:08.540 [INFO] [EXIT] Application exiting.
2026-09-22 19:55:15.547 [INFO] [START] Args=
2026-09-22 19:55:15.646 [INFO] [START] Console=False
2026-09-22 19:55:15.874 [INFO] [MODULE LOADED] Key=GEDTA, Name=GEDTA 制造执行系统
2026-09-22 19:55:15.874 [INFO] [MODULE LOADED] Key=SAJET, Name=SAJET 制造执行系统
2026-09-22 19:55:15.874 [INFO] [MODULE] Loaded: GEDTA - GEDTA 制造执行系统
2026-09-22 19:55:15.874 [INFO] [MODULE] Loaded: SAJET - SAJET 制造执行系统
2026-09-22 19:55:16.384 [INFO] [CONFIG] Loaded: login.json
2026-09-22 19:55:24.831 [INFO] [CONFIG] Saved: login.json
2026-09-22 19:55:24.969 [INFO] [LOGIN OK] Module=SAJET, UserNo=D360749
2026-09-22 19:55:25.013 [INFO] [CONFIG] Loaded: favorites.json
2026-09-22 19:55:44.721 [ERROR] [NET] Connect failed: 無法連線，因為目標電腦拒絕連線。
2026-09-22 19:56:53.685 [INFO] [EXIT] Shell closed, exiting.
2026-09-22 19:56:53.687 [INFO] [EXIT] Application exiting.
