2026-10-08 11:08:54.853 [INFO] [START] Args=
2026-10-08 11:08:54.855 [INFO] [START] Console=False
2026-10-08 11:08:54.990 [INFO] [MODULE LOADED] Key=GEDTA, Name=GEDTA 制造执行系统
2026-10-08 11:08:54.990 [INFO] [MODULE LOADED] Key=SAJET, Name=SAJET 制造执行系统
2026-10-08 11:08:54.990 [INFO] [MODULE] Loaded: GEDTA - GEDTA 制造执行系统
2026-10-08 11:08:54.990 [INFO] [MODULE] Loaded: SAJET - SAJET 制造执行系统
2026-10-08 11:08:55.237 [INFO] [CONFIG] Loaded: login.json
2026-10-08 11:09:06.285 [INFO] [CONFIG] Saved: login.json
2026-10-08 11:09:06.411 [INFO] [LOGIN OK] Module=SAJET, UserNo=D360749
2026-10-08 11:09:06.446 [INFO] [CONFIG] Loaded: favorites.json
2026-10-08 11:09:45.324 [INFO] [EXIT] Shell closed, exiting.
2026-10-08 11:09:45.383 [INFO] [EXIT] Application exiting.
2026-10-08 11:24:41.444 [INFO] [START] Args=
2026-10-08 11:24:41.446 [INFO] [START] Console=False
2026-10-08 11:24:41.521 [INFO] [MODULE LOADED] Key=GEDTA, Name=GEDTA 制造执行系统
2026-10-08 11:24:41.521 [INFO] [MODULE LOADED] Key=SAJET, Name=SAJET 制造执行系统
2026-10-08 11:24:41.521 [INFO] [MODULE] Loaded: GEDTA - GEDTA 制造执行系统
2026-10-08 11:24:41.521 [INFO] [MODULE] Loaded: SAJET - SAJET 制造执行系统
2026-10-08 11:24:41.664 [INFO] [CONFIG] Loaded: login.json
2026-10-08 11:24:48.883 [INFO] [CONFIG] Saved: login.json
2026-10-08 11:24:48.971 [INFO] [LOGIN OK] Module=SAJET, UserNo=D360749
2026-10-08 11:24:49.000 [INFO] [CONFIG] Loaded: favorites.json
2026-10-08 11:24:57.250 [INFO] [EXIT] Shell closed, exiting.
2026-10-08 11:24:57.276 [INFO] [EXIT] Application exiting.
2026-10-08 12:06:35.423 [INFO] [START] Args=
2026-10-08 12:06:35.445 [INFO] [START] Console=False
2026-10-08 12:06:35.477 [INFO] [MODULE LOADED] Key=GEDTA, Name=GEDTA 制造执行系统
2026-10-08 12:06:35.477 [INFO] [MODULE LOADED] Key=SAJET, Name=SAJET 制造执行系统
2026-10-08 12:06:35.477 [INFO] [MODULE] Loaded: GEDTA - GEDTA 制造执行系统
2026-10-08 12:06:35.477 [INFO] [MODULE] Loaded: SAJET - SAJET 制造执行系统
2026-10-08 12:06:35.570 [INFO] [CONFIG] Loaded: login.json
2026-10-08 12:06:45.117 [INFO] [CONFIG] Saved: login.json
2026-10-08 12:06:45.240 [INFO] [LOGIN OK] Module=SAJET, UserNo=D360749
2026-10-08 12:06:45.288 [INFO] [CONFIG] Loaded: favorites.json
2026-10-08 12:07:23.452 [INFO] [SMTREEL] Query done: site=0-100, line=B33F01LB, count=0
2026-10-08 12:07:32.798 [INFO] [SMTREEL] Query done: site=0-100, line=B33F02LB, count=1
2026-10-08 12:07:55.609 [INFO] [SMTREEL] Query done: site=0-100, line=B303F02L, count=2
2026-10-08 12:09:57.585 [INFO] [SMTREEL] Query done: site=0-100, line=B402F02L, count=3
2026-10-08 12:10:14.556 [INFO] [SMTREEL] Query done: site=0-100, line=B402F02L, count=3
2026-10-08 13:27:43.135 [INFO] [EXIT] Shell closed, exiting.
2026-10-08 13:27:43.221 [INFO] [EXIT] Application exiting.
2026-10-08 13:45:32.328 [INFO] [START] Args=
2026-10-08 13:45:32.331 [INFO] [START] Console=False
2026-10-08 13:45:32.427 [INFO] [MODULE LOADED] Key=GEDTA, Name=GEDTA 制造执行系统
2026-10-08 13:45:32.427 [INFO] [MODULE LOADED] Key=SAJET, Name=SAJET 制造执行系统
2026-10-08 13:45:32.427 [INFO] [MODULE] Loaded: GEDTA - GEDTA 制造执行系统
2026-10-08 13:45:32.427 [INFO] [MODULE] Loaded: SAJET - SAJET 制造执行系统
2026-10-08 13:45:32.743 [INFO] [CONFIG] Loaded: login.json
2026-10-08 13:45:56.791 [INFO] [CONFIG] Saved: login.json
2026-10-08 13:45:56.970 [INFO] [LOGIN OK] Module=SAJET, UserNo=D360749
2026-10-08 13:45:57.014 [INFO] [CONFIG] Loaded: favorites.json
2026-10-08 14:51:31.266 [INFO] [STATUS] Match: 260980701005680 -> 260980701005680
2026-10-08 14:52:16.039 [INFO] [EXIT] Shell closed, exiting.
2026-10-08 14:52:16.096 [INFO] [EXIT] Application exiting.
