2026-09-29 08:27:41.079 [INFO] [START] Args=
2026-09-29 08:27:41.081 [INFO] [START] Console=False
2026-09-29 08:27:41.208 [INFO] [MODULE LOADED] Key=GEDTA, Name=GEDTA 制造执行系统
2026-09-29 08:27:41.209 [INFO] [MODULE LOADED] Key=SAJET, Name=SAJET 制造执行系统
2026-09-29 08:27:41.209 [INFO] [MODULE] Loaded: GEDTA - GEDTA 制造执行系统
2026-09-29 08:27:41.209 [INFO] [MODULE] Loaded: SAJET - SAJET 制造执行系统
2026-09-29 08:27:41.592 [INFO] [CONFIG] Loaded: login.json
2026-09-29 08:27:56.957 [INFO] [CONFIG] Saved: login.json
2026-09-29 08:27:57.092 [INFO] [LOGIN OK] Module=SAJET, UserNo=D360749
2026-09-29 08:27:57.170 [INFO] [CONFIG] Loaded: favorites.json
2026-09-29 08:28:18.759 [INFO] [FIND-ROUTE] SN=88AEDDCE5545, routes=3
2026-09-29 08:28:29.067 [INFO] [FIND-ROUTE] dip=DIP+DAOI+MDA-TEST, pack=P_TVI-PACK-OQC-ACER, matched=2
2026-09-29 08:29:39.496 [INFO] [FIND-ROUTE] AddAsNewRoute: dip=DIP+DAOI+MDA-TEST, pack=P_TVI-PACK-OQC-ACER, new=A, emp=D360749, result=OK
2026-09-29 08:31:30.498 [INFO] [EXIT] Shell closed, exiting.
2026-09-29 08:31:30.538 [INFO] [EXIT] Application exiting.
2026-09-29 09:03:52.227 [INFO] [START] Args=
2026-09-29 09:03:52.254 [INFO] [START] Console=False
2026-09-29 09:03:52.295 [INFO] [MODULE LOADED] Key=GEDTA, Name=GEDTA 制造执行系统
2026-09-29 09:03:52.295 [INFO] [MODULE LOADED] Key=SAJET, Name=SAJET 制造执行系统
2026-09-29 09:03:52.295 [INFO] [MODULE] Loaded: GEDTA - GEDTA 制造执行系统
2026-09-29 09:03:52.295 [INFO] [MODULE] Loaded: SAJET - SAJET 制造执行系统
2026-09-29 09:03:52.409 [INFO] [CONFIG] Loaded: login.json
2026-09-29 09:04:16.115 [INFO] [CONFIG] Saved: login.json
2026-09-29 09:04:16.207 [INFO] [LOGIN OK] Module=SAJET, UserNo=D360749
2026-09-29 09:04:16.252 [INFO] [CONFIG] Loaded: favorites.json
2026-09-29 09:04:25.200 [INFO] [ERP] Search: wo=24524154-1.1-001-D, count=6
2026-09-29 09:05:12.169 [INFO] [EXIT] Shell closed, exiting.
2026-09-29 09:05:12.205 [INFO] [EXIT] Application exiting.
2026-09-29 09:28:10.551 [INFO] [START] Args=
2026-09-29 09:28:10.580 [INFO] [START] Console=False
2026-09-29 09:28:10.655 [INFO] [MODULE LOADED] Key=GEDTA, Name=GEDTA 制造执行系统
2026-09-29 09:28:10.655 [INFO] [MODULE LOADED] Key=SAJET, Name=SAJET 制造执行系统
2026-09-29 09:28:10.656 [INFO] [MODULE] Loaded: GEDTA - GEDTA 制造执行系统
2026-09-29 09:28:10.656 [INFO] [MODULE] Loaded: SAJET - SAJET 制造执行系统
2026-09-29 09:28:10.888 [INFO] [CONFIG] Loaded: login.json
2026-09-29 09:28:17.995 [INFO] [CONFIG] Saved: login.json
2026-09-29 09:28:18.310 [INFO] [LOGIN OK] Module=SAJET, UserNo=D360749
2026-09-29 09:28:18.349 [INFO] [CONFIG] Loaded: favorites.json
2026-09-29 09:30:19.508 [INFO] [EXIT] Shell closed, exiting.
2026-09-29 09:30:19.511 [INFO] [EXIT] Application exiting.
2026-09-29 09:30:38.139 [INFO] [START] Args=
2026-09-29 09:30:38.141 [INFO] [START] Console=False
2026-09-29 09:30:38.184 [INFO] [MODULE LOADED] Key=GEDTA, Name=GEDTA 制造执行系统
2026-09-29 09:30:38.184 [INFO] [MODULE LOADED] Key=SAJET, Name=SAJET 制造执行系统
2026-09-29 09:30:38.185 [INFO] [MODULE] Loaded: GEDTA - GEDTA 制造执行系统
2026-09-29 09:30:38.185 [INFO] [MODULE] Loaded: SAJET - SAJET 制造执行系统
2026-09-29 09:30:38.295 [INFO] [CONFIG] Loaded: login.json
2026-09-29 09:30:43.971 [INFO] [CONFIG] Saved: login.json
2026-09-29 09:30:44.038 [INFO] [LOGIN OK] Module=SAJET, UserNo=D360749
2026-09-29 09:30:44.067 [INFO] [CONFIG] Loaded: favorites.json
2026-09-29 09:31:06.816 [INFO] [EXIT] Shell closed, exiting.
2026-09-29 09:31:06.821 [INFO] [EXIT] Application exiting.
2026-09-29 09:44:30.266 [INFO] [START] Args=
2026-09-29 09:44:30.269 [INFO] [START] Console=False
2026-09-29 09:44:30.308 [INFO] [MODULE LOADED] Key=GEDTA, Name=GEDTA 制造执行系统
2026-09-29 09:44:30.308 [INFO] [MODULE LOADED] Key=SAJET, Name=SAJET 制造执行系统
2026-09-29 09:44:30.308 [INFO] [MODULE] Loaded: GEDTA - GEDTA 制造执行系统
2026-09-29 09:44:30.308 [INFO] [MODULE] Loaded: SAJET - SAJET 制造执行系统
2026-09-29 09:44:30.410 [INFO] [CONFIG] Loaded: login.json
2026-09-29 09:44:36.498 [INFO] [CONFIG] Saved: login.json
2026-09-29 09:44:36.572 [INFO] [LOGIN OK] Module=SAJET, UserNo=D360749
2026-09-29 09:44:36.601 [INFO] [CONFIG] Loaded: favorites.json
2026-09-29 09:44:39.705 [INFO] [RQ] Search: floor=ALL, start=2026-09-28, kw=, unfinished=False, count=13
2026-09-29 09:44:58.448 [INFO] [RQ] Search: floor=ALL, start=2026-09-21, kw=, unfinished=False, count=50
2026-09-29 09:45:32.977 [INFO] [RQ] Reply: idx=822838, emp=D360749, reply=NULL, affected=1
2026-09-29 09:45:34.424 [INFO] [RQ] Search: floor=ALL, start=2026-09-21, kw=, unfinished=False, count=50
2026-09-29 09:46:27.202 [INFO] [EXIT] Shell closed, exiting.
2026-09-29 09:46:27.215 [INFO] [EXIT] Application exiting.
2026-09-29 09:48:19.798 [INFO] [START] Args=
2026-09-29 09:48:19.801 [INFO] [START] Console=False
2026-09-29 09:48:19.840 [INFO] [MODULE LOADED] Key=GEDTA, Name=GEDTA 制造执行系统
2026-09-29 09:48:19.840 [INFO] [MODULE LOADED] Key=SAJET, Name=SAJET 制造执行系统
2026-09-29 09:48:19.840 [INFO] [MODULE] Loaded: GEDTA - GEDTA 制造执行系统
2026-09-29 09:48:19.840 [INFO] [MODULE] Loaded: SAJET - SAJET 制造执行系统
2026-09-29 09:48:19.946 [INFO] [CONFIG] Loaded: login.json
2026-09-29 09:48:25.345 [INFO] [CONFIG] Saved: login.json
2026-09-29 09:48:25.418 [INFO] [LOGIN OK] Module=SAJET, UserNo=D360749
2026-09-29 09:48:25.449 [INFO] [CONFIG] Loaded: favorites.json
2026-09-29 09:48:30.012 [INFO] [RQ] Search: floor=ALL, start=2026-09-28, kw=, unfinished=False, count=13
2026-09-29 09:48:42.228 [INFO] [EXIT] Shell closed, exiting.
2026-09-29 09:48:42.232 [INFO] [EXIT] Application exiting.
2026-09-29 09:49:41.570 [INFO] [START] Args=
2026-09-29 09:49:41.572 [INFO] [START] Console=False
2026-09-29 09:49:41.613 [INFO] [MODULE LOADED] Key=GEDTA, Name=GEDTA 制造执行系统
2026-09-29 09:49:41.614 [INFO] [MODULE LOADED] Key=SAJET, Name=SAJET 制造执行系统
2026-09-29 09:49:41.614 [INFO] [MODULE] Loaded: GEDTA - GEDTA 制造执行系统
2026-09-29 09:49:41.614 [INFO] [MODULE] Loaded: SAJET - SAJET 制造执行系统
2026-09-29 09:49:41.728 [INFO] [CONFIG] Loaded: login.json
2026-09-29 09:49:47.891 [INFO] [CONFIG] Saved: login.json
2026-09-29 09:49:47.981 [INFO] [LOGIN OK] Module=SAJET, UserNo=D360749
2026-09-29 09:49:48.019 [INFO] [CONFIG] Loaded: favorites.json
2026-09-29 09:49:51.485 [INFO] [RQ] Search: floor=ALL, start=2026-09-22, kw=, unfinished=False, count=50
2026-09-29 09:50:00.133 [INFO] [EXIT] Shell closed, exiting.
2026-09-29 09:50:00.135 [INFO] [EXIT] Application exiting.
2026-09-29 10:04:41.362 [INFO] [START] Args=
2026-09-29 10:04:41.364 [INFO] [START] Console=False
2026-09-29 10:04:41.411 [INFO] [MODULE LOADED] Key=GEDTA, Name=GEDTA 制造执行系统
2026-09-29 10:04:41.411 [INFO] [MODULE LOADED] Key=SAJET, Name=SAJET 制造执行系统
2026-09-29 10:04:41.411 [INFO] [MODULE] Loaded: GEDTA - GEDTA 制造执行系统
2026-09-29 10:04:41.411 [INFO] [MODULE] Loaded: SAJET - SAJET 制造执行系统
2026-09-29 10:04:41.537 [INFO] [CONFIG] Loaded: login.json
2026-09-29 10:04:47.440 [INFO] [CONFIG] Saved: login.json
2026-09-29 10:04:47.511 [INFO] [LOGIN OK] Module=SAJET, UserNo=D360749
2026-09-29 10:04:47.539 [INFO] [CONFIG] Loaded: favorites.json
2026-09-29 10:05:59.430 [INFO] [SERVER-IP] Export OK: C:\Users\leihuang.ECS\Desktop\TGS_SERVER_IPS-1.csv
2026-09-29 10:09:58.214 [INFO] [EXIT] Shell closed, exiting.
2026-09-29 10:09:58.218 [INFO] [EXIT] Application exiting.
2026-09-29 10:10:05.061 [INFO] [START] Args=
2026-09-29 10:10:05.063 [INFO] [START] Console=False
2026-09-29 10:10:05.102 [INFO] [MODULE LOADED] Key=GEDTA, Name=GEDTA 制造执行系统
2026-09-29 10:10:05.103 [INFO] [MODULE LOADED] Key=SAJET, Name=SAJET 制造执行系统
2026-09-29 10:10:05.103 [INFO] [MODULE] Loaded: GEDTA - GEDTA 制造执行系统
2026-09-29 10:10:05.103 [INFO] [MODULE] Loaded: SAJET - SAJET 制造执行系统
2026-09-29 10:10:05.213 [INFO] [CONFIG] Loaded: login.json
2026-09-29 10:10:12.090 [INFO] [CONFIG] Saved: login.json
2026-09-29 10:10:12.162 [INFO] [LOGIN OK] Module=SAJET, UserNo=D360749
2026-09-29 10:10:12.193 [INFO] [CONFIG] Loaded: favorites.json
2026-09-29 10:10:59.714 [INFO] [SERVER-IP] Export OK: C:\Users\leihuang.ECS\Desktop\TGS_SERVER_IPS-1.csv
2026-09-29 10:15:56.293 [INFO] [EXIT] Shell closed, exiting.
2026-09-29 10:15:56.300 [INFO] [EXIT] Application exiting.
2026-09-29 10:17:32.350 [INFO] [START] Args=
2026-09-29 10:17:32.352 [INFO] [START] Console=False
2026-09-29 10:17:32.439 [INFO] [MODULE LOADED] Key=GEDTA, Name=GEDTA 制造执行系统
2026-09-29 10:17:32.440 [INFO] [MODULE LOADED] Key=SAJET, Name=SAJET 制造执行系统
2026-09-29 10:17:32.440 [INFO] [MODULE] Loaded: GEDTA - GEDTA 制造执行系统
2026-09-29 10:17:32.440 [INFO] [MODULE] Loaded: SAJET - SAJET 制造执行系统
2026-09-29 10:17:32.749 [INFO] [CONFIG] Loaded: login.json
2026-09-29 10:17:41.139 [INFO] [CONFIG] Saved: login.json
2026-09-29 10:17:41.251 [INFO] [LOGIN OK] Module=SAJET, UserNo=D360749
2026-09-29 10:17:41.296 [INFO] [CONFIG] Loaded: favorites.json
2026-09-29 10:18:01.663 [INFO] [SERVER-IP] Export OK: C:\Users\leihuang.ECS\Desktop\TGS_SERVER_IPS-1.csv
2026-09-29 10:19:12.605 [INFO] [EXIT] Shell closed, exiting.
2026-09-29 10:19:12.611 [INFO] [EXIT] Application exiting.
2026-09-29 10:26:49.345 [INFO] [START] Args=
2026-09-29 10:26:49.347 [INFO] [START] Console=False
2026-09-29 10:26:49.391 [INFO] [MODULE LOADED] Key=GEDTA, Name=GEDTA 制造执行系统
2026-09-29 10:26:49.391 [INFO] [MODULE LOADED] Key=SAJET, Name=SAJET 制造执行系统
2026-09-29 10:26:49.391 [INFO] [MODULE] Loaded: GEDTA - GEDTA 制造执行系统
2026-09-29 10:26:49.391 [INFO] [MODULE] Loaded: SAJET - SAJET 制造执行系统
2026-09-29 10:26:49.503 [INFO] [CONFIG] Loaded: login.json
2026-09-29 10:27:02.297 [INFO] [CONFIG] Saved: login.json
2026-09-29 10:27:02.360 [INFO] [LOGIN OK] Module=SAJET, UserNo=D360749
2026-09-29 10:27:02.390 [INFO] [CONFIG] Loaded: favorites.json
2026-09-29 10:27:54.694 [INFO] [EXIT] Shell closed, exiting.
2026-09-29 10:27:54.697 [INFO] [EXIT] Application exiting.
2026-09-29 10:46:30.969 [INFO] [START] Args=
2026-09-29 10:46:30.971 [INFO] [START] Console=False
2026-09-29 10:46:31.008 [INFO] [MODULE LOADED] Key=GEDTA, Name=GEDTA 制造执行系统
2026-09-29 10:46:31.009 [INFO] [MODULE LOADED] Key=SAJET, Name=SAJET 制造执行系统
2026-09-29 10:46:31.009 [INFO] [MODULE] Loaded: GEDTA - GEDTA 制造执行系统
2026-09-29 10:46:31.009 [INFO] [MODULE] Loaded: SAJET - SAJET 制造执行系统
2026-09-29 10:46:31.111 [INFO] [CONFIG] Loaded: login.json
2026-09-29 10:46:37.851 [INFO] [CONFIG] Saved: login.json
2026-09-29 10:46:37.947 [INFO] [LOGIN OK] Module=SAJET, UserNo=D360749
2026-09-29 10:46:37.998 [INFO] [CONFIG] Loaded: favorites.json
2026-09-29 10:46:50.603 [INFO] [TGS] Query: type=0, input=305, jobs=7
2026-09-29 10:47:31.419 [INFO] [TGS] Execute OK: SAJET.SJ_CKSYS_EMP_OUT, outs=2
2026-09-29 10:51:04.303 [INFO] [EXIT] Shell closed, exiting.
2026-09-29 10:51:04.353 [INFO] [EXIT] Application exiting.
2026-09-29 10:59:55.206 [INFO] [START] Args=
2026-09-29 10:59:55.208 [INFO] [START] Console=False
2026-09-29 10:59:55.252 [INFO] [MODULE LOADED] Key=GEDTA, Name=GEDTA 制造执行系统
2026-09-29 10:59:55.253 [INFO] [MODULE LOADED] Key=SAJET, Name=SAJET 制造执行系统
2026-09-29 10:59:55.253 [INFO] [MODULE] Loaded: GEDTA - GEDTA 制造执行系统
2026-09-29 10:59:55.253 [INFO] [MODULE] Loaded: SAJET - SAJET 制造执行系统
2026-09-29 10:59:55.362 [INFO] [CONFIG] Loaded: login.json
2026-09-29 11:00:01.428 [INFO] [CONFIG] Saved: login.json
2026-09-29 11:00:01.534 [INFO] [LOGIN OK] Module=SAJET, UserNo=D360749
2026-09-29 11:00:01.600 [INFO] [CONFIG] Loaded: favorites.json
2026-09-29 11:00:11.729 [INFO] [TGS] Query: type=0, input=305, jobs=7
2026-09-29 11:00:14.073 [INFO] [TGS] LoadSource start: procName=SAJET.SJ_CKSYS_EMP_OUT, RichTextBox=True
2026-09-29 11:00:14.078 [INFO] [TGS] LoadSource got 508 chars
2026-09-29 11:00:14.083 [INFO] [TGS] LoadSource written to RichTextBox
2026-09-29 11:03:12.775 [INFO] [EXIT] Shell closed, exiting.
2026-09-29 11:03:12.779 [INFO] [EXIT] Application exiting.
2026-09-29 11:03:48.978 [INFO] [START] Args=
2026-09-29 11:03:48.980 [INFO] [START] Console=False
2026-09-29 11:03:49.018 [INFO] [MODULE LOADED] Key=GEDTA, Name=GEDTA 制造执行系统
2026-09-29 11:03:49.018 [INFO] [MODULE LOADED] Key=SAJET, Name=SAJET 制造执行系统
2026-09-29 11:03:49.018 [INFO] [MODULE] Loaded: GEDTA - GEDTA 制造执行系统
2026-09-29 11:03:49.018 [INFO] [MODULE] Loaded: SAJET - SAJET 制造执行系统
2026-09-29 11:03:49.113 [INFO] [CONFIG] Loaded: login.json
2026-09-29 11:03:55.437 [INFO] [CONFIG] Saved: login.json
2026-09-29 11:03:55.510 [INFO] [LOGIN OK] Module=SAJET, UserNo=D360749
2026-09-29 11:03:55.549 [INFO] [CONFIG] Loaded: favorites.json
2026-09-29 11:04:06.545 [INFO] [TGS] Query: type=0, input=305, jobs=7
2026-09-29 11:04:11.072 [INFO] [TGS] LoadSource start: procName=SAJET.SJ_CKSYS_EMP_OUT, RichTextBox=True
2026-09-29 11:04:11.088 [INFO] [TGS] LoadSource got 640 chars
2026-09-29 11:04:11.094 [INFO] [TGS] LoadSource written to RichTextBox
2026-09-29 11:07:28.324 [INFO] [EXIT] Shell closed, exiting.
2026-09-29 11:07:28.328 [INFO] [EXIT] Application exiting.
2026-09-29 11:18:27.570 [INFO] [START] Args=
2026-09-29 11:18:27.573 [INFO] [START] Console=False
2026-09-29 11:18:27.617 [INFO] [MODULE LOADED] Key=GEDTA, Name=GEDTA 制造执行系统
2026-09-29 11:18:27.618 [INFO] [MODULE LOADED] Key=SAJET, Name=SAJET 制造执行系统
2026-09-29 11:18:27.618 [INFO] [MODULE] Loaded: GEDTA - GEDTA 制造执行系统
2026-09-29 11:18:27.618 [INFO] [MODULE] Loaded: SAJET - SAJET 制造执行系统
2026-09-29 11:18:27.909 [INFO] [CONFIG] Loaded: login.json
2026-09-29 11:18:44.093 [INFO] [CONFIG] Saved: login.json
2026-09-29 11:18:44.259 [INFO] [LOGIN OK] Module=SAJET, UserNo=D360749
2026-09-29 11:18:44.290 [INFO] [CONFIG] Loaded: favorites.json
2026-09-29 11:19:04.970 [INFO] [TGSTEST] LoadGroup: groupId=305, jobs=3
2026-09-29 11:27:50.861 [INFO] [EXIT] Shell closed, exiting.
2026-09-29 11:27:50.865 [INFO] [EXIT] Application exiting.
2026-09-29 11:28:20.550 [INFO] [START] Args=
2026-09-29 11:28:20.552 [INFO] [START] Console=False
2026-09-29 11:28:20.603 [INFO] [MODULE LOADED] Key=GEDTA, Name=GEDTA 制造执行系统
2026-09-29 11:28:20.604 [INFO] [MODULE LOADED] Key=SAJET, Name=SAJET 制造执行系统
2026-09-29 11:28:20.604 [INFO] [MODULE] Loaded: GEDTA - GEDTA 制造执行系统
2026-09-29 11:28:20.604 [INFO] [MODULE] Loaded: SAJET - SAJET 制造执行系统
2026-09-29 11:28:20.734 [INFO] [CONFIG] Loaded: login.json
2026-09-29 11:28:30.282 [INFO] [CONFIG] Saved: login.json
2026-09-29 11:28:30.352 [INFO] [LOGIN OK] Module=SAJET, UserNo=D360749
2026-09-29 11:28:30.383 [INFO] [CONFIG] Loaded: favorites.json
2026-09-29 11:28:48.221 [INFO] [TGSTEST] LoadGroup: groupId=305, jobs=3
2026-09-29 13:46:15.588 [INFO] [EXIT] Shell closed, exiting.
2026-09-29 13:46:15.621 [INFO] [EXIT] Application exiting.
2026-09-29 13:47:27.769 [INFO] [START] Args=
2026-09-29 13:47:27.771 [INFO] [START] Console=False
2026-09-29 13:47:27.816 [INFO] [MODULE LOADED] Key=GEDTA, Name=GEDTA 制造执行系统
2026-09-29 13:47:27.816 [INFO] [MODULE LOADED] Key=SAJET, Name=SAJET 制造执行系统
2026-09-29 13:47:27.816 [INFO] [MODULE] Loaded: GEDTA - GEDTA 制造执行系统
2026-09-29 13:47:27.816 [INFO] [MODULE] Loaded: SAJET - SAJET 制造执行系统
2026-09-29 13:47:28.050 [INFO] [CONFIG] Loaded: login.json
2026-09-29 13:47:39.413 [INFO] [CONFIG] Saved: login.json
2026-09-29 13:47:39.527 [INFO] [LOGIN OK] Module=SAJET, UserNo=D360749
2026-09-29 13:47:39.560 [INFO] [CONFIG] Loaded: favorites.json
2026-09-29 13:47:57.107 [INFO] [TGSTEST] LoadGroup: groupId=305, jobs=3
2026-09-29 13:49:24.714 [INFO] [EXIT] Shell closed, exiting.
2026-09-29 13:49:24.718 [INFO] [EXIT] Application exiting.
2026-09-29 14:05:06.856 [INFO] [START] Args=
2026-09-29 14:05:06.858 [INFO] [START] Console=False
2026-09-29 14:05:06.907 [INFO] [MODULE LOADED] Key=GEDTA, Name=GEDTA 制造执行系统
2026-09-29 14:05:06.908 [INFO] [MODULE LOADED] Key=SAJET, Name=SAJET 制造执行系统
2026-09-29 14:05:06.908 [INFO] [MODULE] Loaded: GEDTA - GEDTA 制造执行系统
2026-09-29 14:05:06.908 [INFO] [MODULE] Loaded: SAJET - SAJET 制造执行系统
2026-09-29 14:05:07.040 [INFO] [CONFIG] Loaded: login.json
2026-09-29 14:05:13.568 [INFO] [CONFIG] Saved: login.json
2026-09-29 14:05:13.642 [INFO] [LOGIN OK] Module=SAJET, UserNo=D360749
2026-09-29 14:05:13.673 [INFO] [CONFIG] Loaded: favorites.json
2026-09-29 14:07:37.020 [INFO] [WO] Query input=24527126-6.1-001-S, type=0, status=7, count=1
2026-09-29 14:07:47.797 [INFO] [WO] Update OK: 24527126-6.1-001-S, status=3, route=PCB_INPUT -> SVI, line=B33F02
2026-09-29 14:10:57.454 [INFO] [WO] Query input=24527127-2.1-001-S, type=0, status=7, count=1
2026-09-29 14:11:05.988 [INFO] [WO] Update OK: 24527127-2.1-001-S, status=3, route=PCB_INPUT -> SVI, line=B33F02
2026-09-29 14:12:50.102 [INFO] [EXIT] Shell closed, exiting.
2026-09-29 14:12:50.105 [INFO] [EXIT] Application exiting.
2026-09-29 14:15:40.601 [INFO] [START] Args=
2026-09-29 14:15:40.603 [INFO] [START] Console=False
2026-09-29 14:15:40.649 [INFO] [MODULE LOADED] Key=GEDTA, Name=GEDTA 制造执行系统
2026-09-29 14:15:40.649 [INFO] [MODULE LOADED] Key=SAJET, Name=SAJET 制造执行系统
2026-09-29 14:15:40.649 [INFO] [MODULE] Loaded: GEDTA - GEDTA 制造执行系统
2026-09-29 14:15:40.649 [INFO] [MODULE] Loaded: SAJET - SAJET 制造执行系统
2026-09-29 14:15:40.764 [INFO] [CONFIG] Loaded: login.json
2026-09-29 14:15:57.144 [INFO] [CONFIG] Saved: login.json
2026-09-29 14:15:57.200 [INFO] [LOGIN OK] Module=SAJET, UserNo=D360749
2026-09-29 14:15:57.234 [INFO] [CONFIG] Loaded: favorites.json
2026-09-29 14:17:36.812 [INFO] [EXIT] Shell closed, exiting.
2026-09-29 14:17:36.820 [INFO] [EXIT] Application exiting.
2026-09-29 14:23:22.725 [INFO] [START] Args=
2026-09-29 14:23:22.729 [INFO] [START] Console=False
2026-09-29 14:23:22.956 [INFO] [MODULE LOADED] Key=GEDTA, Name=GEDTA 制造执行系统
2026-09-29 14:23:22.956 [INFO] [MODULE LOADED] Key=SAJET, Name=SAJET 制造执行系统
2026-09-29 14:23:22.957 [INFO] [MODULE] Loaded: GEDTA - GEDTA 制造执行系统
2026-09-29 14:23:22.957 [INFO] [MODULE] Loaded: SAJET - SAJET 制造执行系统
2026-09-29 14:23:23.378 [INFO] [CONFIG] Loaded: login.json
2026-09-29 14:23:33.215 [INFO] [CONFIG] Saved: login.json
2026-09-29 14:23:33.336 [INFO] [LOGIN OK] Module=SAJET, UserNo=D360749
2026-09-29 14:23:33.377 [INFO] [CONFIG] Loaded: favorites.json
2026-09-29 14:23:50.402 [INFO] [WO] Query input=W9AYYZ900054FXH, type=4, status=7, count=3
2026-09-29 14:24:00.230 [INFO] [EXIT] Shell closed, exiting.
2026-09-29 14:24:00.236 [INFO] [EXIT] Application exiting.
2026-09-29 14:26:28.634 [INFO] [START] Args=
2026-09-29 14:26:28.637 [INFO] [START] Console=False
2026-09-29 14:26:28.685 [INFO] [MODULE LOADED] Key=GEDTA, Name=GEDTA 制造执行系统
2026-09-29 14:26:28.685 [INFO] [MODULE LOADED] Key=SAJET, Name=SAJET 制造执行系统
2026-09-29 14:26:28.686 [INFO] [MODULE] Loaded: GEDTA - GEDTA 制造执行系统
2026-09-29 14:26:28.686 [INFO] [MODULE] Loaded: SAJET - SAJET 制造执行系统
2026-09-29 14:26:28.817 [INFO] [CONFIG] Loaded: login.json
2026-09-29 14:26:35.162 [INFO] [CONFIG] Saved: login.json
2026-09-29 14:26:35.237 [INFO] [LOGIN OK] Module=SAJET, UserNo=D360749
2026-09-29 14:26:35.269 [INFO] [CONFIG] Loaded: favorites.json
2026-09-29 14:26:46.148 [INFO] [WO] Query input=W9AYYZ900054FXH, type=4, status=7, count=3
2026-09-29 14:27:24.131 [INFO] [EXIT] Shell closed, exiting.
2026-09-29 14:27:24.154 [INFO] [EXIT] Application exiting.
2026-09-29 14:47:15.591 [INFO] [START] Args=
2026-09-29 14:47:15.594 [INFO] [START] Console=False
2026-09-29 14:47:15.856 [INFO] [MODULE LOADED] Key=GEDTA, Name=GEDTA 制造执行系统
2026-09-29 14:47:15.857 [INFO] [MODULE LOADED] Key=SAJET, Name=SAJET 制造执行系统
2026-09-29 14:47:15.857 [INFO] [MODULE] Loaded: GEDTA - GEDTA 制造执行系统
2026-09-29 14:47:15.857 [INFO] [MODULE] Loaded: SAJET - SAJET 制造执行系统
2026-09-29 14:47:16.326 [INFO] [CONFIG] Loaded: login.json
2026-09-29 14:47:29.246 [INFO] [CONFIG] Saved: login.json
2026-09-29 14:47:29.393 [INFO] [LOGIN OK] Module=SAJET, UserNo=D360749
2026-09-29 14:47:29.408 [INFO] [CONFIG] Loaded: favorites.json
2026-09-29 14:47:34.835 [INFO] [WO-DETAIL] Status SN count = 196
2026-09-29 14:47:34.835 [INFO] [WO-DETAIL] 24527127-2.1-001-D loaded, mode=0
2026-09-29 14:47:39.099 [INFO] [WO-DETAIL] Travel SN count = 196
2026-09-29 14:47:39.831 [INFO] [WO-DETAIL] Travel SN count = 196
2026-09-29 14:47:39.831 [INFO] [WO-DETAIL] 24527127-2.1-001-D loaded, mode=1
2026-09-29 14:47:41.317 [INFO] [WO-DETAIL] Travel SN count = 196
2026-09-29 14:47:41.317 [INFO] [WO-DETAIL] 24527127-2.1-001-D loaded, mode=1
2026-09-29 14:47:46.003 [INFO] [WO-DETAIL] Status SN count = 196
2026-09-29 14:47:46.685 [INFO] [WO-DETAIL] Status SN count = 196
2026-09-29 14:47:46.686 [INFO] [WO-DETAIL] 24527127-2.1-001-D loaded, mode=0
2026-09-29 14:47:48.334 [INFO] [WO-DETAIL] Travel SN count = 196
2026-09-29 14:47:50.032 [INFO] [WO-DETAIL] Travel SN count = 196
2026-09-29 14:47:50.032 [INFO] [WO-DETAIL] 24527127-2.1-001-D loaded, mode=1
2026-09-29 14:47:59.543 [INFO] [WO-DETAIL] Travel SN count = 196
2026-09-29 14:47:59.543 [INFO] [WO-DETAIL] 24527127-2.1-001-D loaded, mode=1
2026-09-29 14:48:01.366 [INFO] [WO-DETAIL] Travel SN count = 196
2026-09-29 14:48:01.366 [INFO] [WO-DETAIL] 24527127-2.1-001-D loaded, mode=1
2026-09-29 14:48:17.058 [INFO] [WO-DETAIL] Status SN count = 196
2026-09-29 14:48:17.833 [INFO] [WO-DETAIL] Status SN count = 196
2026-09-29 14:48:17.833 [INFO] [WO-DETAIL] 24527127-2.1-001-D loaded, mode=0
2026-09-29 14:48:18.753 [INFO] [WO-DETAIL] Status SN count = 196
2026-09-29 14:48:18.753 [INFO] [WO-DETAIL] 24527127-2.1-001-D loaded, mode=0
2026-09-29 14:48:20.406 [INFO] [WO-DETAIL] Travel SN count = 196
2026-09-29 14:48:21.172 [INFO] [WO-DETAIL] Travel SN count = 196
2026-09-29 14:48:21.172 [INFO] [WO-DETAIL] 24527127-2.1-001-D loaded, mode=1
2026-09-29 14:48:45.405 [INFO] [WO-DETAIL] Travel SN count = 196
2026-09-29 14:48:45.405 [INFO] [WO-DETAIL] 24527127-2.1-001-D loaded, mode=1
2026-09-29 14:48:57.786 [INFO] [WO-DETAIL] Travel SN count = 390
2026-09-29 14:48:57.786 [INFO] [WO-DETAIL] 24527126-6.1-001-D loaded, mode=1
2026-09-29 14:49:01.931 [INFO] [WO-DETAIL] Status SN count = 390
2026-09-29 14:49:02.598 [INFO] [WO-DETAIL] Status SN count = 390
2026-09-29 14:49:02.599 [INFO] [WO-DETAIL] 24527126-6.1-001-D loaded, mode=0
2026-09-29 14:49:04.829 [INFO] [WO-DETAIL] Status SN count = 390
2026-09-29 14:49:04.829 [INFO] [WO-DETAIL] 24527126-6.1-001-D loaded, mode=0
2026-09-29 14:49:06.814 [INFO] [WO-DETAIL] Status SN count = 390
2026-09-29 14:49:06.815 [INFO] [WO-DETAIL] 24527126-6.1-001-D loaded, mode=0
2026-09-29 14:49:10.596 [INFO] [WO-DETAIL] Travel SN count = 390
2026-09-29 14:49:11.343 [INFO] [WO-DETAIL] Travel SN count = 390
2026-09-29 14:49:11.343 [INFO] [WO-DETAIL] 24527126-6.1-001-D loaded, mode=1
2026-09-29 14:49:13.335 [INFO] [WO-DETAIL] Travel SN count = 390
2026-09-29 14:49:13.335 [INFO] [WO-DETAIL] 24527126-6.1-001-D loaded, mode=1
2026-09-29 14:49:45.329 [INFO] [WO-DETAIL] Travel SN count = 196
2026-09-29 14:49:45.329 [INFO] [WO-DETAIL] 24527127-2.1-001-D loaded, mode=1
2026-09-29 14:49:58.955 [INFO] [WO] Query input=24527127-2.1-001-D, type=0, status=7, count=1
2026-09-29 14:53:02.549 [INFO] [EXIT] Shell closed, exiting.
2026-09-29 14:53:02.579 [INFO] [EXIT] Application exiting.
2026-09-29 15:52:19.396 [INFO] [START] Args=
2026-09-29 15:52:19.428 [INFO] [START] Console=False
2026-09-29 15:52:19.467 [INFO] [MODULE LOADED] Key=GEDTA, Name=GEDTA 制造执行系统
2026-09-29 15:52:19.467 [INFO] [MODULE LOADED] Key=SAJET, Name=SAJET 制造执行系统
2026-09-29 15:52:19.468 [INFO] [MODULE] Loaded: GEDTA - GEDTA 制造执行系统
2026-09-29 15:52:19.468 [INFO] [MODULE] Loaded: SAJET - SAJET 制造执行系统
2026-09-29 15:52:19.676 [INFO] [CONFIG] Loaded: login.json
2026-09-29 15:52:26.505 [INFO] [CONFIG] Saved: login.json
2026-09-29 15:52:26.690 [INFO] [LOGIN OK] Module=SAJET, UserNo=D360749
2026-09-29 15:52:26.729 [INFO] [CONFIG] Loaded: favorites.json
2026-09-29 15:52:32.691 [DEBUG] [CACHE] Miss: smt_lines, loading...
2026-09-29 15:52:32.847 [INFO] [CACHE] Saved 100 items to smt_lines
2026-09-29 15:52:51.651 [INFO] [SMTREEL] Query done: site=0-100, line=B33F01, count=0
2026-09-29 15:53:54.587 [INFO] [SMTREEL] Query done: site=1-100, line=B33F01, count=0
2026-09-29 16:05:31.905 [INFO] [EXIT] Shell closed, exiting.
2026-09-29 16:05:31.935 [INFO] [EXIT] Application exiting.
2026-09-29 16:07:06.569 [INFO] [START] Args=
2026-09-29 16:07:06.571 [INFO] [START] Console=False
2026-09-29 16:07:06.608 [INFO] [MODULE LOADED] Key=GEDTA, Name=GEDTA 制造执行系统
2026-09-29 16:07:06.609 [INFO] [MODULE LOADED] Key=SAJET, Name=SAJET 制造执行系统
2026-09-29 16:07:06.609 [INFO] [MODULE] Loaded: GEDTA - GEDTA 制造执行系统
2026-09-29 16:07:06.609 [INFO] [MODULE] Loaded: SAJET - SAJET 制造执行系统
2026-09-29 16:07:06.713 [INFO] [CONFIG] Loaded: login.json
2026-09-29 16:07:12.777 [INFO] [CONFIG] Saved: login.json
2026-09-29 16:07:12.843 [INFO] [LOGIN OK] Module=SAJET, UserNo=D360749
2026-09-29 16:07:12.869 [INFO] [CONFIG] Loaded: favorites.json
2026-09-29 16:07:17.893 [INFO] [SMTREEL] Loading sites from DB...
2026-09-29 16:07:17.927 [DEBUG] [SMTREEL] Lines cache hit: 100
2026-09-29 16:07:26.951 [INFO] [CACHE] Saved 4136 items to smt_sites
2026-09-29 16:07:27.028 [INFO] [SMTREEL] RefreshOptions done: sites=4136, lines=100
2026-09-29 16:08:16.946 [INFO] [SMTREEL] Loading sites from DB...
2026-09-29 16:08:16.946 [INFO] [SMTREEL] Loading lines from DB...
2026-09-29 16:08:25.206 [INFO] [CACHE] Saved 4136 items to smt_sites
2026-09-29 16:08:31.407 [INFO] [CACHE] Saved 113 items to smt_lines
2026-09-29 16:08:31.454 [INFO] [SMTREEL] RefreshOptions done: sites=4136, lines=113
2026-09-29 16:08:58.804 [INFO] [SMTREEL] Query done: site=1-100, line=B303F01L, count=0
2026-09-29 16:09:06.384 [INFO] [SMTREEL] Query done: site=0-100, line=B303F01L, count=4
2026-09-29 16:09:08.680 [INFO] [SMTREEL] Query done: site=0-100, line=B303F01L, count=4
2026-09-29 16:09:09.460 [INFO] [SMTREEL] Query done: site=0-100, line=B303F01L, count=4
2026-09-29 16:09:10.208 [INFO] [SMTREEL] Query done: site=0-100, line=B303F01L, count=4
2026-09-29 16:09:12.912 [INFO] [SMTREEL] Query done: site=0-100, line=B303F01L, count=4
2026-09-29 16:09:28.165 [INFO] [EXIT] Shell closed, exiting.
2026-09-29 16:09:28.189 [INFO] [EXIT] Application exiting.
2026-09-29 16:09:30.359 [INFO] [START] Args=
2026-09-29 16:09:30.361 [INFO] [START] Console=False
2026-09-29 16:09:30.404 [INFO] [MODULE LOADED] Key=GEDTA, Name=GEDTA 制造执行系统
2026-09-29 16:09:30.405 [INFO] [MODULE LOADED] Key=SAJET, Name=SAJET 制造执行系统
2026-09-29 16:09:30.405 [INFO] [MODULE] Loaded: GEDTA - GEDTA 制造执行系统
2026-09-29 16:09:30.405 [INFO] [MODULE] Loaded: SAJET - SAJET 制造执行系统
2026-09-29 16:09:30.507 [INFO] [CONFIG] Loaded: login.json
2026-09-29 16:09:43.578 [INFO] [CONFIG] Saved: login.json
2026-09-29 16:09:43.653 [INFO] [LOGIN OK] Module=SAJET, UserNo=D360749
2026-09-29 16:09:43.683 [INFO] [CONFIG] Loaded: favorites.json
2026-09-29 16:10:10.675 [INFO] [EXIT] Shell closed, exiting.
2026-09-29 16:10:10.680 [INFO] [EXIT] Application exiting.
