2026-09-23 09:55:43.995 [INFO] [START] Args=
2026-09-23 09:55:43.997 [INFO] [START] Console=False
2026-09-23 09:55:44.136 [INFO] [MODULE LOADED] Key=GEDTA, Name=GEDTA 制造执行系统
2026-09-23 09:55:44.137 [INFO] [MODULE LOADED] Key=SAJET, Name=SAJET 制造执行系统
2026-09-23 09:55:44.137 [INFO] [MODULE] Loaded: GEDTA - GEDTA 制造执行系统
2026-09-23 09:55:44.137 [INFO] [MODULE] Loaded: SAJET - SAJET 制造执行系统
2026-09-23 09:55:44.430 [INFO] [CONFIG] Loaded: login.json
2026-09-23 09:56:30.502 [INFO] [CONFIG] Saved: login.json
2026-09-23 09:56:30.661 [INFO] [LOGIN OK] Module=SAJET, UserNo=D360749
2026-09-23 09:56:30.723 [INFO] [CONFIG] Loaded: favorites.json
2026-09-23 09:56:46.320 [INFO] [STATUS] Match: 8SSB21D14182E1SZ69G01BG -> 8SSB21D14182E1SZ69G01BG
2026-09-23 09:56:59.458 [INFO] [WO-DETAIL] Status SN count = 623
2026-09-23 09:56:59.459 [INFO] [WO-DETAIL] 24526828-2.1-008-D loaded, mode=0
2026-09-23 09:57:33.879 [INFO] [EXIT] Shell closed, exiting.
2026-09-23 09:57:33.974 [INFO] [EXIT] Application exiting.
2026-09-23 10:18:15.336 [INFO] [START] Args=
2026-09-23 10:18:15.347 [INFO] [START] Console=False
2026-09-23 10:18:15.379 [INFO] [MODULE LOADED] Key=GEDTA, Name=GEDTA 制造执行系统
2026-09-23 10:18:15.379 [INFO] [MODULE LOADED] Key=SAJET, Name=SAJET 制造执行系统
2026-09-23 10:18:15.379 [INFO] [MODULE] Loaded: GEDTA - GEDTA 制造执行系统
2026-09-23 10:18:15.379 [INFO] [MODULE] Loaded: SAJET - SAJET 制造执行系统
2026-09-23 10:18:15.494 [INFO] [CONFIG] Loaded: login.json
2026-09-23 10:18:23.911 [INFO] [CONFIG] Saved: login.json
2026-09-23 10:18:24.053 [INFO] [LOGIN OK] Module=SAJET, UserNo=D360749
2026-09-23 10:18:24.081 [INFO] [CONFIG] Loaded: favorites.json
2026-09-23 10:18:45.841 [INFO] [STATUS] Match: 8SSB21D14182E1SZ69G01BG -> 8SSB21D14182E1SZ69G01BG
2026-09-23 10:18:52.412 [INFO] [WO-DETAIL] Not found: 8SSB21D14182E1SZ69G01BG
2026-09-23 10:19:11.311 [INFO] [WO-DETAIL] Status SN count = 693
2026-09-23 10:19:11.311 [INFO] [WO-DETAIL] 24526828-2.1-008-D loaded, mode=0
2026-09-23 10:19:32.650 [INFO] [EXIT] Shell closed, exiting.
2026-09-23 10:19:32.697 [INFO] [EXIT] Application exiting.
2026-09-23 10:21:40.463 [INFO] [START] Args=
2026-09-23 10:21:40.465 [INFO] [START] Console=False
2026-09-23 10:21:40.495 [INFO] [MODULE LOADED] Key=GEDTA, Name=GEDTA 制造执行系统
2026-09-23 10:21:40.495 [INFO] [MODULE LOADED] Key=SAJET, Name=SAJET 制造执行系统
2026-09-23 10:21:40.495 [INFO] [MODULE] Loaded: GEDTA - GEDTA 制造执行系统
2026-09-23 10:21:40.495 [INFO] [MODULE] Loaded: SAJET - SAJET 制造执行系统
2026-09-23 10:21:40.604 [INFO] [CONFIG] Loaded: login.json
2026-09-23 10:21:49.478 [INFO] [CONFIG] Saved: login.json
2026-09-23 10:21:49.574 [INFO] [LOGIN OK] Module=SAJET, UserNo=D360749
2026-09-23 10:21:49.610 [INFO] [CONFIG] Loaded: favorites.json
2026-09-23 10:22:20.832 [INFO] [WO-DETAIL] Status SN count = 276
2026-09-23 10:22:20.832 [INFO] [WO-DETAIL] 44806613-2.1-001-P loaded, mode=0
2026-09-23 10:22:24.523 [INFO] [WO-DETAIL] Travel SN count = 276
2026-09-23 10:22:25.665 [INFO] [WO-DETAIL] Travel SN count = 276
2026-09-23 10:22:25.665 [INFO] [WO-DETAIL] 44806613-2.1-001-P loaded, mode=1
2026-09-23 10:22:31.513 [INFO] [WO-DETAIL] Travel SN count = 276
2026-09-23 10:22:31.513 [INFO] [WO-DETAIL] 44806613-2.1-001-P loaded, mode=1
2026-09-23 10:35:38.907 [INFO] [EXIT] Shell closed, exiting.
2026-09-23 10:35:38.954 [INFO] [EXIT] Application exiting.
2026-09-23 10:36:12.055 [INFO] [START] Args=
2026-09-23 10:36:12.059 [INFO] [START] Console=False
2026-09-23 10:36:12.149 [INFO] [MODULE LOADED] Key=GEDTA, Name=GEDTA 制造执行系统
2026-09-23 10:36:12.150 [INFO] [MODULE LOADED] Key=SAJET, Name=SAJET 制造执行系统
2026-09-23 10:36:12.150 [INFO] [MODULE] Loaded: GEDTA - GEDTA 制造执行系统
2026-09-23 10:36:12.150 [INFO] [MODULE] Loaded: SAJET - SAJET 制造执行系统
2026-09-23 10:36:12.419 [INFO] [CONFIG] Loaded: login.json
2026-09-23 10:36:25.867 [INFO] [CONFIG] Saved: login.json
2026-09-23 10:36:25.994 [INFO] [LOGIN OK] Module=SAJET, UserNo=D360749
2026-09-23 10:36:26.029 [INFO] [CONFIG] Loaded: favorites.json
2026-09-23 10:36:35.678 [INFO] [STATUS] Match: 8SSB21D14182E1SZ69G01BG -> 8SSB21D14182E1SZ69G01BG
2026-09-23 10:36:44.214 [INFO] [WO-DETAIL] Status SN count = 720
2026-09-23 10:36:44.215 [INFO] [WO-DETAIL] 24526828-2.1-008-D loaded, mode=0
2026-09-23 10:38:02.476 [INFO] [WO-DETAIL] Travel SN count = 1305
2026-09-23 10:38:13.174 [INFO] [WO-DETAIL] Exported 1305 rows to C:\Users\leihuang.ECS\Desktop\SN_24526828-2.1-008-D_20260923103807.csv
2026-09-23 11:04:19.513 [INFO] [EXIT] Shell closed, exiting.
2026-09-23 11:04:19.630 [INFO] [EXIT] Application exiting.
