2026-09-21 08:28:39.156 [INFO] [START] Args=-help
2026-09-21 08:28:39.165 [INFO] [START] Console=False
2026-09-21 08:28:39.244 [INFO] [MODULE LOADED] Key=SAJET, Name=SAJET 制造执行系统
2026-09-21 08:28:58.818 [INFO] [START] Args=-console
2026-09-21 08:28:58.824 [INFO] [START] Console=False
2026-09-21 08:28:58.844 [INFO] [MODULE LOADED] Key=SAJET, Name=SAJET 制造执行系统
2026-09-21 08:29:07.937 [INFO] [LOGIN] Cancelled by user.
2026-09-21 08:29:07.960 [INFO] [EXIT] Application exiting.
2026-09-21 08:29:16.778 [INFO] [LOGIN] Cancelled by user.
2026-09-21 08:29:16.800 [INFO] [EXIT] Application exiting.
2026-09-21 08:30:59.890 [INFO] [START] Args=-c
2026-09-21 08:30:59.906 [INFO] [START] Console=True
2026-09-21 08:30:59.933 [INFO] [MODULE LOADED] Key=SAJET, Name=SAJET 制造执行系统
2026-09-21 08:31:19.724 [INFO] [LOGIN] Cancelled by user.
2026-09-21 08:31:19.747 [INFO] [EXIT] Application exiting.
2026-09-21 08:35:07.150 [INFO] [START] Args=-c
2026-09-21 08:35:07.156 [INFO] [START] Console=True
2026-09-21 08:35:07.178 [INFO] [MODULE LOADED] Key=SAJET, Name=SAJET 制造执行系统
2026-09-21 08:35:25.576 [INFO] [LOGIN OK] Module=SAJET, UserNo=D360749, UserName=黄磊
2026-09-21 08:35:25.607 [INFO] [EXIT] Application exiting.
2026-09-21 09:10:25.869 [INFO] [START] Args=
2026-09-21 09:10:25.876 [INFO] [START] Console=False
2026-09-21 09:10:25.899 [INFO] [MODULE LOADED] Key=SAJET, Name=SAJET 制造执行系统
2026-09-21 09:10:35.441 [INFO] [LOGIN OK] Module=SAJET, UserNo=D360749, UserName=黄磊
2026-09-21 09:10:54.477 [INFO] [EXIT] Application exiting.
2026-09-21 09:48:45.473 [INFO] [START] Args=
2026-09-21 09:48:45.503 [INFO] [START] Console=False
2026-09-21 09:48:45.524 [INFO] [MODULE LOADED] Key=SAJET, Name=SAJET 制造执行系统
2026-09-21 09:48:56.219 [INFO] [LOGIN OK] Module=SAJET, UserNo=D360749, UserName=黄磊
2026-09-21 09:49:14.160 [INFO] [WO] Query input=8SSB21D14182E1SZ69D018A, type=4, status=7, count=2
2026-09-21 09:49:56.285 [INFO] [LOGOUT] User requested logout.
2026-09-21 09:49:56.493 [INFO] [EXIT] Application exiting.
2026-09-21 09:50:12.204 [INFO] [START] Args=
2026-09-21 09:50:12.210 [INFO] [START] Console=False
2026-09-21 09:50:12.231 [INFO] [MODULE LOADED] Key=SAJET, Name=SAJET 制造执行系统
2026-09-21 09:50:20.392 [INFO] [LOGIN OK] Module=SAJET, UserNo=D360749, UserName=黄磊
2026-09-21 09:50:36.253 [INFO] [WO] Query input=8SSB21D14182E1SZ69D018A, type=0, status=7, count=0
2026-09-21 09:50:38.920 [INFO] [WO] Query input=8SSB21D14182E1SZ69D018A, type=4, status=7, count=2
2026-09-21 09:50:53.961 [INFO] [WO] Update OK: 24526828-2.1-007-D, status=3, route=DInput -> PK_AOI, line=B32F02
2026-09-21 09:51:01.213 [INFO] [WO] Update OK: 24526828-2.1-007-D, status=3, route=DInput -> PK_AOI, line=B32F01
2026-09-21 09:53:05.863 [INFO] [EXIT] Application exiting.
2026-09-21 10:00:14.835 [INFO] [START] Args=
2026-09-21 10:00:14.842 [INFO] [START] Console=False
2026-09-21 10:00:14.868 [INFO] [MODULE LOADED] Key=SAJET, Name=SAJET 制造执行系统
2026-09-21 10:00:14.872 [INFO] [MODULE] Loaded: SAJET - SAJET 制造执行系统
2026-09-21 10:00:25.717 [INFO] [LOGIN OK] Module=SAJET, UserNo=D360749, UserName=黄磊
2026-09-21 10:00:29.845 [INFO] [LOGOUT] User requested logout.
2026-09-21 10:00:29.892 [INFO] [LOGOUT] Back to login.
2026-09-21 10:00:33.840 [INFO] [LOGIN] Cancelled, exiting.
2026-09-21 10:00:33.851 [INFO] [EXIT] Application exiting.
2026-09-21 11:01:01.446 [INFO] [START] Args=
2026-09-21 11:01:01.453 [INFO] [START] Console=False
2026-09-21 11:01:01.585 [ERROR] [MODULE ERROR] WPF_MES.Module.SAJET.dll 加载失败：Could not load type 'WPF_MES.Contracts.IModule' from assembly 'WPF_MES.Contracts, Version=1.0.0.0, Culture=neutral, PublicKeyToken=null'.
2026-09-21 11:01:01.589 [ERROR] [MODULE] No modules found.
2026-09-21 11:01:04.632 [INFO] [EXIT] Application exiting.
2026-09-21 11:01:07.760 [INFO] [START] Args=
2026-09-21 11:01:07.767 [INFO] [START] Console=False
2026-09-21 11:01:07.799 [ERROR] [MODULE ERROR] WPF_MES.Module.SAJET.dll 加载失败：Could not load type 'WPF_MES.Contracts.IModule' from assembly 'WPF_MES.Contracts, Version=1.0.0.0, Culture=neutral, PublicKeyToken=null'.
2026-09-21 11:01:07.803 [ERROR] [MODULE] No modules found.
2026-09-21 11:01:11.764 [INFO] [EXIT] Application exiting.
2026-09-21 11:01:22.680 [INFO] [START] Args=
2026-09-21 11:01:22.687 [INFO] [START] Console=False
2026-09-21 11:01:22.717 [ERROR] [MODULE ERROR] WPF_MES.Module.SAJET.dll 加载失败：Could not load type 'WPF_MES.Contracts.IModule' from assembly 'WPF_MES.Contracts, Version=1.0.0.0, Culture=neutral, PublicKeyToken=null'.
2026-09-21 11:01:22.721 [ERROR] [MODULE] No modules found.
2026-09-21 11:01:29.730 [INFO] [EXIT] Application exiting.
2026-09-21 11:02:01.558 [INFO] [START] Args=
2026-09-21 11:02:01.565 [INFO] [START] Console=False
2026-09-21 11:02:01.592 [INFO] [MODULE LOADED] Key=SAJET, Name=SAJET 制造执行系统
2026-09-21 11:02:01.596 [INFO] [MODULE] Loaded: SAJET - SAJET 制造执行系统
2026-09-21 11:02:14.951 [INFO] [LOGIN OK] Module=SAJET, UserNo=D360749, UserName=黄磊
2026-09-21 11:02:19.423 [ERROR] [WO] Load PDLines failed: 查询失败：ORA-00920: invalid relational operator
https://docs.oracle.com/error-help/db/ora-00920/
SQL: SELECT PDLINE_ID, PDLINE_NAME
        FROM SAJET.SYS_PDLINE
        WHERE ENABLED = 'Y' AND PDLINE_NAME LIEK 'B%'
        ORDER BY PDLINE_NAME
参数：(无)
2026-09-21 11:02:27.187 [ERROR] [WO] Load PDLines failed: 查询失败：ORA-00920: invalid relational operator
https://docs.oracle.com/error-help/db/ora-00920/
SQL: SELECT PDLINE_ID, PDLINE_NAME
        FROM SAJET.SYS_PDLINE
        WHERE ENABLED = 'Y' AND PDLINE_NAME LIEK 'B%'
        ORDER BY PDLINE_NAME
参数：(无)
2026-09-21 11:03:04.399 [INFO] [EXIT] Shell closed, exiting.
2026-09-21 11:03:04.439 [INFO] [EXIT] Application exiting.
2026-09-21 11:07:48.496 [INFO] [START] Args=
2026-09-21 11:07:48.503 [INFO] [START] Console=False
2026-09-21 11:07:48.530 [INFO] [MODULE LOADED] Key=SAJET, Name=SAJET 制造执行系统
2026-09-21 11:07:48.534 [INFO] [MODULE] Loaded: SAJET - SAJET 制造执行系统
2026-09-21 11:07:57.695 [INFO] [LOGIN OK] Module=SAJET, UserNo=D360749, UserName=黄磊
2026-09-21 11:08:05.936 [ERROR] [WO] Load PDLines failed: 查询失败：ORA-00920: invalid relational operator
https://docs.oracle.com/error-help/db/ora-00920/
SQL: SELECT PDLINE_ID, PDLINE_NAME
        FROM SAJET.SYS_PDLINE
        WHERE ENABLED = 'Y' AND PDLINE_NAME LIEK 'B%'
        ORDER BY PDLINE_NAME
参数：(无)
2026-09-21 11:08:50.998 [INFO] [EXIT] Shell closed, exiting.
2026-09-21 11:08:51.011 [INFO] [EXIT] Application exiting.
2026-09-21 11:09:02.535 [INFO] [START] Args=
2026-09-21 11:09:02.542 [INFO] [START] Console=False
2026-09-21 11:09:02.568 [INFO] [MODULE LOADED] Key=SAJET, Name=SAJET 制造执行系统
2026-09-21 11:09:02.573 [INFO] [MODULE] Loaded: SAJET - SAJET 制造执行系统
2026-09-21 11:09:12.008 [INFO] [LOGIN OK] Module=SAJET, UserNo=D360749, UserName=黄磊
2026-09-21 11:09:40.847 [INFO] [EXIT] Shell closed, exiting.
2026-09-21 11:09:40.876 [INFO] [EXIT] Application exiting.
2026-09-21 11:16:48.962 [INFO] [START] Args=
2026-09-21 11:16:48.969 [INFO] [START] Console=False
2026-09-21 11:16:49.023 [INFO] [MODULE LOADED] Key=SAJET, Name=SAJET 制造执行系统
2026-09-21 11:16:49.027 [INFO] [MODULE] Loaded: SAJET - SAJET 制造执行系统
2026-09-21 11:17:01.159 [INFO] [LOGIN OK] Module=SAJET, UserNo=D360749, UserName=黄磊
2026-09-21 11:21:02.314 [INFO] [EXIT] Shell closed, exiting.
2026-09-21 11:21:02.325 [INFO] [EXIT] Application exiting.
2026-09-21 11:21:10.398 [INFO] [START] Args=
2026-09-21 11:21:10.405 [INFO] [START] Console=False
2026-09-21 11:21:10.435 [INFO] [MODULE LOADED] Key=SAJET, Name=SAJET 制造执行系统
2026-09-21 11:21:10.439 [INFO] [MODULE] Loaded: SAJET - SAJET 制造执行系统
2026-09-21 11:21:30.623 [INFO] [LOGIN OK] Module=SAJET, UserNo=D360749, UserName=黄磊
2026-09-21 11:23:24.481 [INFO] [EXIT] Shell closed, exiting.
2026-09-21 11:23:24.525 [INFO] [EXIT] Application exiting.
2026-09-21 11:30:27.277 [INFO] [START] Args=
2026-09-21 11:30:27.283 [INFO] [START] Console=False
2026-09-21 11:30:27.309 [INFO] [MODULE LOADED] Key=SAJET, Name=SAJET 制造执行系统
2026-09-21 11:30:27.313 [INFO] [MODULE] Loaded: SAJET - SAJET 制造执行系统
2026-09-21 11:30:38.293 [INFO] [LOGIN OK] Module=SAJET, UserNo=D360749, UserName=黄磊
2026-09-21 11:30:55.384 [INFO] [EXIT] Shell closed, exiting.
2026-09-21 11:30:55.412 [INFO] [EXIT] Application exiting.
2026-09-21 13:40:46.008 [INFO] [START] Args=
2026-09-21 13:40:46.088 [INFO] [START] Console=False
2026-09-21 13:40:46.168 [INFO] [MODULE LOADED] Key=SAJET, Name=SAJET 制造执行系统
2026-09-21 13:40:46.172 [INFO] [MODULE] Loaded: SAJET - SAJET 制造执行系统
2026-09-21 13:40:57.774 [INFO] [LOGIN OK] Module=SAJET, UserNo=D360749, UserName=黄磊
2026-09-21 13:41:16.130 [INFO] [EXIT] Shell closed, exiting.
2026-09-21 13:41:16.202 [INFO] [EXIT] Application exiting.
2026-09-21 13:41:24.258 [INFO] [START] Args=
2026-09-21 13:41:24.265 [INFO] [START] Console=False
2026-09-21 13:41:24.293 [INFO] [MODULE LOADED] Key=SAJET, Name=SAJET 制造执行系统
2026-09-21 13:41:24.298 [INFO] [MODULE] Loaded: SAJET - SAJET 制造执行系统
2026-09-21 13:41:32.596 [INFO] [LOGIN OK] Module=SAJET, UserNo=D360749, UserName=黄磊
2026-09-21 13:44:26.931 [INFO] [EXIT] Shell closed, exiting.
2026-09-21 13:44:26.937 [INFO] [EXIT] Application exiting.
2026-09-21 15:52:26.261 [INFO] [START] Args=
2026-09-21 15:52:26.285 [INFO] [START] Console=False
2026-09-21 15:52:26.368 [INFO] [MODULE LOADED] Key=SAJET, Name=SAJET 制造执行系统
2026-09-21 15:52:26.373 [INFO] [MODULE] Loaded: SAJET - SAJET 制造执行系统
2026-09-21 15:52:39.925 [INFO] [LOGIN OK] Module=SAJET, UserNo=D360749, UserName=黄磊
2026-09-21 15:53:02.049 [INFO] [EXIT] Shell closed, exiting.
2026-09-21 15:53:02.113 [INFO] [EXIT] Application exiting.
2026-09-21 16:06:12.325 [INFO] [START] Args=
2026-09-21 16:06:12.331 [INFO] [START] Console=False
2026-09-21 16:06:12.358 [INFO] [MODULE LOADED] Key=SAJET, Name=SAJET 制造执行系统
2026-09-21 16:06:12.362 [INFO] [MODULE] Loaded: SAJET - SAJET 制造执行系统
2026-09-21 16:06:33.365 [INFO] [LOGIN OK] Module=SAJET, UserNo=D360749, UserName=黄磊
2026-09-21 16:06:39.270 [INFO] [EXIT] Shell closed, exiting.
2026-09-21 16:06:39.297 [INFO] [EXIT] Application exiting.
2026-09-21 16:06:43.130 [INFO] [START] Args=
2026-09-21 16:06:43.137 [INFO] [START] Console=False
2026-09-21 16:06:43.164 [INFO] [MODULE LOADED] Key=SAJET, Name=SAJET 制造执行系统
2026-09-21 16:06:43.169 [INFO] [MODULE] Loaded: SAJET - SAJET 制造执行系统
2026-09-21 16:06:51.915 [INFO] [LOGIN OK] Module=SAJET, UserNo=D360749, UserName=黄磊
2026-09-21 16:06:56.025 [INFO] [EXIT] Shell closed, exiting.
2026-09-21 16:06:56.036 [INFO] [EXIT] Application exiting.
2026-09-21 16:18:38.727 [INFO] [START] Args=
2026-09-21 16:18:38.729 [INFO] [START] Console=False
2026-09-21 16:18:38.866 [INFO] [MODULE LOADED] Key=SAJET, Name=SAJET 制造执行系统
2026-09-21 16:18:38.866 [INFO] [MODULE] Loaded: SAJET - SAJET 制造执行系统
2026-09-21 16:19:37.107 [INFO] [LOGIN] Cancelled, exiting.
2026-09-21 16:19:37.118 [INFO] [EXIT] Application exiting.
2026-09-21 16:26:32.746 [INFO] [START] Args=
2026-09-21 16:26:32.749 [INFO] [START] Console=False
2026-09-21 16:26:32.772 [INFO] [MODULE LOADED] Key=SAJET, Name=SAJET 制造执行系统
2026-09-21 16:26:32.772 [INFO] [MODULE] Loaded: SAJET - SAJET 制造执行系统
2026-09-21 16:26:32.778 [INFO] [CONFIG] File not found, use default: login.json
2026-09-21 16:26:44.295 [INFO] [CONFIG] Saved: login.json
2026-09-21 16:26:44.352 [INFO] [LOGIN OK] Module=SAJET, UserNo=D360749
2026-09-21 16:26:44.410 [INFO] [CONFIG] Loaded: favorites.json
2026-09-21 16:26:46.213 [INFO] [EXIT] Shell closed, exiting.
2026-09-21 16:26:46.217 [INFO] [EXIT] Application exiting.
2026-09-21 16:26:48.636 [INFO] [START] Args=
2026-09-21 16:26:48.638 [INFO] [START] Console=False
2026-09-21 16:26:48.660 [INFO] [MODULE LOADED] Key=SAJET, Name=SAJET 制造执行系统
2026-09-21 16:26:48.661 [INFO] [MODULE] Loaded: SAJET - SAJET 制造执行系统
2026-09-21 16:26:48.771 [INFO] [CONFIG] Loaded: login.json
2026-09-21 16:26:57.969 [INFO] [LOGIN] Cancelled, exiting.
2026-09-21 16:26:57.985 [INFO] [EXIT] Application exiting.
2026-09-21 16:32:51.876 [INFO] [START] Args=
2026-09-21 16:32:51.878 [INFO] [START] Console=False
2026-09-21 16:32:51.902 [INFO] [MODULE LOADED] Key=SAJET, Name=SAJET 制造执行系统
2026-09-21 16:32:51.902 [INFO] [MODULE] Loaded: SAJET - SAJET 制造执行系统
2026-09-21 16:32:52.000 [INFO] [CONFIG] Loaded: login.json
2026-09-21 16:33:06.068 [INFO] [CONFIG] Saved: login.json
2026-09-21 16:33:06.110 [INFO] [LOGIN OK] Module=SAJET, UserNo=D360749
2026-09-21 16:33:06.153 [INFO] [CONFIG] Loaded: favorites.json
2026-09-21 16:33:08.584 [INFO] [EXIT] Shell closed, exiting.
2026-09-21 16:33:08.600 [INFO] [EXIT] Application exiting.
2026-09-21 16:33:10.629 [INFO] [START] Args=
2026-09-21 16:33:10.631 [INFO] [START] Console=False
2026-09-21 16:33:10.658 [INFO] [MODULE LOADED] Key=SAJET, Name=SAJET 制造执行系统
2026-09-21 16:33:10.658 [INFO] [MODULE] Loaded: SAJET - SAJET 制造执行系统
2026-09-21 16:33:10.778 [INFO] [CONFIG] Loaded: login.json
2026-09-21 16:33:15.819 [INFO] [LOGIN] Cancelled, exiting.
2026-09-21 16:33:15.829 [INFO] [EXIT] Application exiting.
2026-09-21 19:21:44.077 [INFO] [START] Args=
2026-09-21 19:21:44.101 [INFO] [START] Console=False
2026-09-21 19:21:44.152 [INFO] [MODULE LOADED] Key=SAJET, Name=SAJET 制造执行系统
2026-09-21 19:21:44.152 [INFO] [MODULE] Loaded: SAJET - SAJET 制造执行系统
2026-09-21 19:21:44.379 [INFO] [CONFIG] Loaded: login.json
2026-09-21 19:21:53.319 [INFO] [CONFIG] Saved: login.json
2026-09-21 19:21:53.498 [INFO] [LOGIN OK] Module=SAJET, UserNo=D360749
2026-09-21 19:21:53.534 [INFO] [CONFIG] Loaded: favorites.json
2026-09-21 19:22:08.701 [INFO] [STATUS] Match: QK9100E61001448 -> QK9100E61001448
2026-09-21 19:32:40.175 [INFO] [EXIT] Shell closed, exiting.
2026-09-21 19:32:40.192 [INFO] [EXIT] Application exiting.
2026-09-21 19:32:52.122 [INFO] [START] Args=
2026-09-21 19:32:52.124 [INFO] [START] Console=False
2026-09-21 19:32:52.146 [INFO] [MODULE LOADED] Key=SAJET, Name=SAJET 制造执行系统
2026-09-21 19:32:52.146 [INFO] [MODULE] Loaded: SAJET - SAJET 制造执行系统
2026-09-21 19:32:52.253 [INFO] [CONFIG] Loaded: login.json
2026-09-21 19:32:59.085 [INFO] [CONFIG] Saved: login.json
2026-09-21 19:32:59.169 [INFO] [LOGIN OK] Module=SAJET, UserNo=D360749
2026-09-21 19:32:59.211 [INFO] [CONFIG] Loaded: favorites.json
2026-09-21 19:33:11.063 [INFO] [STATUS] Match: QK9100E61001448 -> QK9100E61001448
2026-09-21 19:38:28.245 [INFO] [EXIT] Shell closed, exiting.
2026-09-21 19:38:28.252 [INFO] [EXIT] Application exiting.
2026-09-21 19:39:11.219 [INFO] [START] Args=
2026-09-21 19:39:11.221 [INFO] [START] Console=False
2026-09-21 19:39:11.246 [INFO] [MODULE LOADED] Key=SAJET, Name=SAJET 制造执行系统
2026-09-21 19:39:11.246 [INFO] [MODULE] Loaded: SAJET - SAJET 制造执行系统
2026-09-21 19:39:11.349 [INFO] [CONFIG] Loaded: login.json
2026-09-21 19:39:17.663 [INFO] [CONFIG] Saved: login.json
2026-09-21 19:39:17.742 [INFO] [LOGIN OK] Module=SAJET, UserNo=D360749
2026-09-21 19:39:17.763 [INFO] [CONFIG] Loaded: favorites.json
2026-09-21 19:39:29.786 [INFO] [STATUS] Match: QK9100E61001448 -> QK9100E61001448
2026-09-21 19:42:04.539 [INFO] [EXIT] Shell closed, exiting.
2026-09-21 19:42:04.543 [INFO] [EXIT] Application exiting.
2026-09-21 19:42:11.333 [INFO] [START] Args=
2026-09-21 19:42:11.335 [INFO] [START] Console=False
2026-09-21 19:42:11.361 [INFO] [MODULE LOADED] Key=SAJET, Name=SAJET 制造执行系统
2026-09-21 19:42:11.361 [INFO] [MODULE] Loaded: SAJET - SAJET 制造执行系统
2026-09-21 19:42:11.469 [INFO] [CONFIG] Loaded: login.json
2026-09-21 19:42:17.673 [INFO] [CONFIG] Saved: login.json
2026-09-21 19:42:17.744 [INFO] [LOGIN OK] Module=SAJET, UserNo=D360749
2026-09-21 19:42:17.774 [INFO] [CONFIG] Loaded: favorites.json
2026-09-21 19:42:26.390 [INFO] [STATUS] Match: QK9100E61001448 -> QK9100E61001448
2026-09-21 19:42:33.404 [INFO] [EXIT] Shell closed, exiting.
2026-09-21 19:42:33.410 [INFO] [EXIT] Application exiting.
2026-09-21 19:47:24.130 [INFO] [START] Args=
2026-09-21 19:47:24.132 [INFO] [START] Console=False
2026-09-21 19:47:24.159 [INFO] [MODULE LOADED] Key=SAJET, Name=SAJET 制造执行系统
2026-09-21 19:47:24.160 [INFO] [MODULE] Loaded: SAJET - SAJET 制造执行系统
2026-09-21 19:47:24.276 [INFO] [CONFIG] Loaded: login.json
2026-09-21 19:47:32.227 [INFO] [CONFIG] Saved: login.json
2026-09-21 19:47:32.276 [INFO] [LOGIN OK] Module=SAJET, UserNo=D360749
2026-09-21 19:47:32.291 [INFO] [CONFIG] Loaded: favorites.json
2026-09-21 19:47:42.825 [INFO] [STATUS] Match: QK9100E61001448 -> QK9100E61001448
2026-09-21 19:49:05.818 [INFO] [EXIT] Shell closed, exiting.
2026-09-21 19:49:05.822 [INFO] [EXIT] Application exiting.
2026-09-21 19:49:17.356 [INFO] [START] Args=
2026-09-21 19:49:17.358 [INFO] [START] Console=False
2026-09-21 19:49:17.384 [INFO] [MODULE LOADED] Key=SAJET, Name=SAJET 制造执行系统
2026-09-21 19:49:17.384 [INFO] [MODULE] Loaded: SAJET - SAJET 制造执行系统
2026-09-21 19:49:17.505 [INFO] [CONFIG] Loaded: login.json
2026-09-21 19:49:23.059 [INFO] [CONFIG] Saved: login.json
2026-09-21 19:49:23.134 [INFO] [LOGIN OK] Module=SAJET, UserNo=D360749
2026-09-21 19:49:23.168 [INFO] [CONFIG] Loaded: favorites.json
2026-09-21 19:49:35.101 [INFO] [STATUS] Match: QK9100E61001448 -> QK9100E61001448
2026-09-21 19:50:31.924 [INFO] [WO] Query input=24200676-2.1-001-P, type=0, status=7, count=1
2026-09-21 19:50:57.210 [INFO] [EXIT] Shell closed, exiting.
2026-09-21 19:50:57.214 [INFO] [EXIT] Application exiting.
2026-09-21 19:54:07.817 [INFO] [START] Args=
2026-09-21 19:54:07.819 [INFO] [START] Console=False
2026-09-21 19:54:07.841 [INFO] [MODULE LOADED] Key=SAJET, Name=SAJET 制造执行系统
2026-09-21 19:54:07.841 [INFO] [MODULE] Loaded: SAJET - SAJET 制造执行系统
2026-09-21 19:54:07.944 [INFO] [CONFIG] Loaded: login.json
2026-09-21 19:54:13.839 [INFO] [CONFIG] Saved: login.json
2026-09-21 19:54:13.916 [INFO] [LOGIN OK] Module=SAJET, UserNo=D360749
2026-09-21 19:54:13.948 [INFO] [CONFIG] Loaded: favorites.json
2026-09-21 19:54:19.542 [INFO] [EXIT] Shell closed, exiting.
2026-09-21 19:54:19.545 [INFO] [EXIT] Application exiting.
2026-09-21 19:55:46.989 [INFO] [START] Args=
2026-09-21 19:55:46.992 [INFO] [START] Console=False
2026-09-21 19:55:47.018 [INFO] [MODULE LOADED] Key=SAJET, Name=SAJET 制造执行系统
2026-09-21 19:55:47.019 [INFO] [MODULE] Loaded: SAJET - SAJET 制造执行系统
2026-09-21 19:55:47.138 [INFO] [CONFIG] Loaded: login.json
2026-09-21 19:55:52.692 [INFO] [CONFIG] Saved: login.json
2026-09-21 19:55:52.760 [INFO] [LOGIN OK] Module=SAJET, UserNo=D360749
2026-09-21 19:55:52.793 [INFO] [CONFIG] Loaded: favorites.json
2026-09-21 19:56:25.047 [INFO] [EXIT] Shell closed, exiting.
2026-09-21 19:56:25.059 [INFO] [EXIT] Application exiting.
